    1   0.000000000000000   1.000000000000000
    2   0.100000000000000   0.965582765039129
    3   0.200000000000000   0.937796219352347
    4   0.300000000000000   0.918918008496997
    5   0.400000000000000   0.910442040053469
    6   0.500000000000000   0.913059619249745
    7   0.600000000000000   0.926706307272253
    8   0.700000000000000   0.950679255915585
    9   0.800000000000000   0.983805353512075
   10   0.900000000000000   1.024627596869029
   11   1.000000000000000   1.071577927372252
