                  1   0.000000000000000   1.000000000000000
                  2   0.100000000000000   0.965582789864960
                  3   0.200000000000000   0.937796274953508
                  4   0.300000000000000   0.918918105877357
                  5   0.400000000000000   0.910442192853085
                  6   0.500000000000000   0.913059839022878
                  7   0.600000000000000   0.926706598645086
                  8   0.700000000000000   0.950679614224116
                  9   0.800000000000000   0.983805765927772
                 10   0.900000000000000   1.024628045979875
                 11   1.000000000000000   1.071578395252841
