    1   0.000000000000000   1.000000000000000
    2   0.100000000000000   0.965582787990570
    3   0.200000000000000   0.937796294689178
    4   0.300000000000000   0.918918132781982
    5   0.400000000000000   0.910442173480988
    6   0.500000000000000   0.913059830665588
    7   0.600000000000000   0.926706612110138
    8   0.700000000000000   0.950679600238800
    9   0.800000000000000   0.983805775642395
   10   0.900000000000000   1.024628043174744
   11   1.000000000000000   1.071578383445740
