                   i                    t                   y1                  dy1
                  11    1.000000000000000    1.071578395252841    0.494929140415464
