                        i                         t                        y1                       dy1
                       11   0.100000000000000E+0001   0.107157839525284E+0001   0.494929140415464E+0000
