    1   0.000000000000000   1.000000000000000
    2   0.100000000000000   0.965582767421051
    3   0.200000000000000   0.937796223528370
    4   0.300000000000000   0.918918013312490
    5   0.400000000000000   0.910442043981854
    6   0.500000000000000   0.913059620813847
    7   0.600000000000000   0.926706305495935
    8   0.700000000000000   0.950679250574773
    9   0.800000000000000   0.983805345088203
   10   0.900000000000000   1.024627586283601
   11   1.000000000000000   1.071577915665397
