i,t,y1
1,.000000000000000,1.000000000000000
2,.100000000000000,.965585030446085
3,.200000000000000,.937800609743178
4,.300000000000000,.918924291877837
5,.400000000000000,.910449807828667
6,.500000000000000,.913068277278551
7,.600000000000000,.926715155275468
8,.700000000000000,.950687620165424
9,.800000000000000,.983812711460831
10,.900000000000000,1.024633645476112
11,1.000000000000000,1.071582583252901
