                         fehlberg_7_8_b2    1    0.00000000000000000    1.00000000000000000    1.00000000000000000    0.00000000000000000
                         fehlberg_7_8_b2    2    0.10344827586206896    0.98935551204516448    0.98935551204517247    0.00000000000000799
                         fehlberg_7_8_b2    3    0.20689655172413793    0.95809706746153611    0.95809706746156065    0.00000000000002454
                         fehlberg_7_8_b2    4    0.31034482758620691    0.90817888305948657    0.90817888305953165    0.00000000000004508
                         fehlberg_7_8_b2    5    0.41379310344827586    0.84263218538649365    0.84263218538655249    0.00000000000005884
                         fehlberg_7_8_b2    6    0.51724137931034486    0.76526075695432272    0.76526075695437135    0.00000000000004863
                         fehlberg_7_8_b2    7    0.62068965517241381    0.68027670256830475    0.68027670256829587    0.00000000000000888
                         fehlberg_7_8_b2    8    0.72413793103448276    0.59192476213523115    0.59192476213508860    0.00000000000014255
                         fehlberg_7_8_b2    9    0.82758620689655171    0.50414118062740498    0.50414118062702185    0.00000000000038314
                         fehlberg_7_8_b2   10    0.93103448275862066    0.42028374684558378    0.42028374684482200    0.00000000000076178
                         fehlberg_7_8_b2   11    1.03448275862068972    0.34295549998714425    0.34295549998583796    0.00000000000130629
                         fehlberg_7_8_b2   12    1.13793103448275867    0.27392880579222739    0.27392880579018886    0.00000000000203854
                         fehlberg_7_8_b2   13    1.24137931034482762    0.21416198904844430    0.21416198904547337    0.00000000000297093
                         fehlberg_7_8_b2   14    1.34482758620689657    0.16388976585189338    0.16388976584779275    0.00000000000410064
                         fehlberg_7_8_b2   15    1.44827586206896552    0.12276258739350826    0.12276258738810412    0.00000000000540414
                         fehlberg_7_8_b2   16    1.55172413793103448    0.09000880319460329    0.09000880318777127    0.00000000000683202
                         fehlberg_7_8_b2   17    1.65517241379310343    0.06459645671873340    0.06459645671042596    0.00000000000830744
                         fehlberg_7_8_b2   18    1.75862068965517238    0.04537714431563815    0.04537714430590826    0.00000000000972989
                         fehlberg_7_8_b2   19    1.86206896551724133    0.03120113420851682    0.03120113419753158    0.00000000001098524
                         fehlberg_7_8_b2   20    1.96551724137931028    0.02099947113570799    0.02099947112374686    0.00000000001196113
                         fehlberg_7_8_b2   21    2.06896551724137945    0.01383410566695907    0.01383410565439463    0.00000000001256444
                         fehlberg_7_8_b2   22    2.17241379310344840    0.00892069262342803    0.00892069261069119    0.00000000001273684
                         fehlberg_7_8_b2   23    2.27586206896551735    0.00563054997701816    0.00563054996455342    0.00000000001246474
                         fehlberg_7_8_b2   24    2.37931034482758630    0.00347862661616914    0.00347862660438811    0.00000000001178103
                         fehlberg_7_8_b2   25    2.48275862068965525    0.00210363103412350    0.00210363102336487    0.00000000001075864
                         fehlberg_7_8_b2   26    2.58620689655172420    0.00124519130262287    0.00124519129312524    0.00000000000949763
                         fehlberg_7_8_b2   27    2.68965517241379315    0.00072145183751302    0.00072145182940382    0.00000000000810920
                         fehlberg_7_8_b2   28    2.79310344827586210    0.00040915076289998    0.00040915075620006    0.00000000000669992
                         fehlberg_7_8_b2   29    2.89655172413793105    0.00022712458305298    0.00022712457769360    0.00000000000535939
                         fehlberg_7_8_b2   30    3.00000000000000000    0.00012340980823943    0.00012340980408668    0.00000000000415275
