                         fehlberg_4_5_b2    1    0.00000000000000000    1.00000000000000000    1.00000000000000000    0.00000000000000000
                         fehlberg_4_5_b2    2    0.10344827586206896    0.98935550547648521    0.98935551204517247    0.00000000656868726
                         fehlberg_4_5_b2    3    0.20689655172413793    0.95809705648340915    0.95809706746156065    0.00000001097815150
                         fehlberg_4_5_b2    4    0.31034482758620691    0.90817887178119128    0.90817888305953165    0.00000001127834037
                         fehlberg_4_5_b2    5    0.41379310344827586    0.84263217886613473    0.84263218538655249    0.00000000652041776
                         fehlberg_4_5_b2    6    0.51724137931034486    0.76526075977067731    0.76526075695437135    0.00000000281630597
                         fehlberg_4_5_b2    7    0.62068965517241381    0.68027671724373084    0.68027670256829587    0.00000001467543498
                         fehlberg_4_5_b2    8    0.72413793103448276    0.59192478776552626    0.59192476213508860    0.00000002563043766
                         fehlberg_4_5_b2    9    0.82758620689655171    0.50414121208040996    0.50414118062702185    0.00000003145338812
                         fehlberg_4_5_b2   10    0.93103448275862066    0.42028377480375961    0.42028374684482200    0.00000002795893761
                         fehlberg_4_5_b2   11    1.03448275862068972    0.34295551193606710    0.34295549998583796    0.00000001195022914
                         fehlberg_4_5_b2   12    1.13793103448275867    0.27392878783386498    0.27392880579018886    0.00000001795632387
                         fehlberg_4_5_b2   13    1.24137931034482762    0.21416192820513075    0.21416198904547337    0.00000006084034262
                         fehlberg_4_5_b2   14    1.34482758620689657    0.16388965238774325    0.16388976584779275    0.00000011346004949
                         fehlberg_4_5_b2   15    1.44827586206896552    0.12276241665913976    0.12276258738810412    0.00000017072896437
                         fehlberg_4_5_b2   16    1.55172413793103448    0.09000857660721104    0.09000880318777127    0.00000022658056023
                         fehlberg_4_5_b2   17    1.65517241379310343    0.06459618169217456    0.06459645671042596    0.00000027501825141
                         fehlberg_4_5_b2   18    1.75862068965517238    0.04537683319529254    0.04537714430590826    0.00000031111061572
                         fehlberg_4_5_b2   19    1.86206896551724133    0.03120080247645974    0.03120113419753158    0.00000033172107184
                         fehlberg_4_5_b2   20    1.96551724137931028    0.02099913528040948    0.02099947112374686    0.00000033584333738
                         fehlberg_4_5_b2   21    2.06896551724137945    0.01383378113447107    0.01383410565439463    0.00000032451992357
                         fehlberg_4_5_b2   22    2.17241379310344840    0.00892039219252870    0.00892069261069119    0.00000030041816250
                         fehlberg_4_5_b2   23    2.27586206896551735    0.00563028276278177    0.00563054996455342    0.00000026720177165
                         fehlberg_4_5_b2   24    2.37931034482758630    0.00347839774956986    0.00347862660438811    0.00000022885481824
                         fehlberg_4_5_b2   25    2.48275862068965525    0.00210344193030007    0.00210363102336487    0.00000018909306479
                         fehlberg_4_5_b2   26    2.58620689655172420    0.00124504034362255    0.00124519129312524    0.00000015094950270
                         fehlberg_4_5_b2   27    2.68965517241379315    0.00072133526472359    0.00072145182940382    0.00000011656468022
                         fehlberg_4_5_b2   28    2.79310344827586210    0.00040906359217862    0.00040915075620006    0.00000008716402145
                         fehlberg_4_5_b2   29    2.89655172413793105    0.00022706140448779    0.00022712457769360    0.00000006317320581
                         fehlberg_4_5_b2   30    3.00000000000000000    0.00012336539295661    0.00012340980408668    0.00000004441113007
