               sofroniou_spaletta_4_3_b2    1    0.00000000000000000    1.00000000000000000    1.00000000000000000    0.00000000000000000
               sofroniou_spaletta_4_3_b2    2    0.10344827586206896    0.98935915775300831    0.98935551204517247    0.00000364570783584
               sofroniou_spaletta_4_3_b2    3    0.20689655172413793    0.95810420469910318    0.95809706746156065    0.00000713723754253
               sofroniou_spaletta_4_3_b2    4    0.31034482758620691    0.90818908823413969    0.90817888305953165    0.00001020517460804
               sofroniou_spaletta_4_3_b2    5    0.41379310344827586    0.84264470916042744    0.84263218538655249    0.00001252377387495
               sofroniou_spaletta_4_3_b2    6    0.51724137931034486    0.76527447824066253    0.76526075695437135    0.00001372128629118
               sofroniou_spaletta_4_3_b2    7    0.62068965517241381    0.68029013222551704    0.68027670256829587    0.00001342965722118
               sofroniou_spaletta_4_3_b2    8    0.72413793103448276    0.59193612590546896    0.59192476213508860    0.00001136377038036
               sofroniou_spaletta_4_3_b2    9    0.82758620689655171    0.50414858832128140    0.50414118062702185    0.00000740769425955
               sofroniou_spaletta_4_3_b2   10    0.93103448275862066    0.42028542716838369    0.42028374684482200    0.00000168032356168
               sofroniou_spaletta_4_3_b2   11    1.03448275862068972    0.34295005718858274    0.34295549998583796    0.00000544279725523
               sofroniou_spaletta_4_3_b2   12    1.13793103448275867    0.27391544331526080    0.27392880579018886    0.00001336247492806
               sofroniou_spaletta_4_3_b2   13    1.24137931034482762    0.21414065004830118    0.21416198904547337    0.00002133899717219
               sofroniou_spaletta_4_3_b2   14    1.34482758620689657    0.16386115909150084    0.16388976584779275    0.00002860675629190
               sofroniou_spaletta_4_3_b2   15    1.44827586206896552    0.12272809355387732    0.12276258738810412    0.00003449383422681
               sofroniou_spaletta_4_3_b2   16    1.55172413793103448    0.08997028310103093    0.09000880318777127    0.00003852008674034
               sofroniou_spaletta_4_3_b2   17    1.65517241379310343    0.06455600221521196    0.06459645671042596    0.00004045449521400
               sofroniou_spaletta_4_3_b2   18    1.75862068965517238    0.04533682027719690    0.04537714430590826    0.00004032402871135
               sofroniou_spaletta_4_3_b2   19    1.86206896551724133    0.03116275599928689    0.03120113419753158    0.00003837819824469
               sofroniou_spaletta_4_3_b2   20    1.96551724137931028    0.02096444854247860    0.02099947112374686    0.00003502258126826
               sofroniou_spaletta_4_3_b2   21    2.06896551724137945    0.01380336670970778    0.01383410565439463    0.00003073894468685
               sofroniou_spaletta_4_3_b2   22    2.17241379310344840    0.00889468361088930    0.00892069261069119    0.00002600899980189
               sofroniou_spaletta_4_3_b2   23    2.27586206896551735    0.00560929548261237    0.00563054996455342    0.00002125448194105
               sofroniou_spaletta_4_3_b2   24    2.37931034482758630    0.00346182651474128    0.00347862660438811    0.00001680008964683
               sofroniou_spaletta_4_3_b2   25    2.48275862068965525    0.00209077125011510    0.00210363102336487    0.00001285977324976
               sofroniou_spaletta_4_3_b2   26    2.58620689655172420    0.00123564897008176    0.00124519129312524    0.00000954232304348
               sofroniou_spaletta_4_3_b2   27    2.68965517241379315    0.00071458203316850    0.00072145182940382    0.00000686979623532
               sofroniou_spaletta_4_3_b2   28    2.79310344827586210    0.00040434880519314    0.00040915075620006    0.00000480195100692
               sofroniou_spaletta_4_3_b2   29    2.89655172413793105    0.00022386360950239    0.00022712457769360    0.00000326096819120
               sofroniou_spaletta_4_3_b2   30    3.00000000000000000    0.00012125719773576    0.00012340980408668    0.00000215260635092
