                 tsitouras_arkode_5_4_b1    1    0.00000000000000000    1.00000000000000000    1.00000000000000000    0.00000000000000000
                 tsitouras_arkode_5_4_b1    2    0.10344827586206896    0.98935551169349156    0.98935551204517247    0.00000000035168091
                 tsitouras_arkode_5_4_b1    3    0.20689655172413793    0.95809706664623917    0.95809706746156065    0.00000000081532148
                 tsitouras_arkode_5_4_b1    4    0.31034482758620691    0.90817888164520466    0.90817888305953165    0.00000000141432699
                 tsitouras_arkode_5_4_b1    5    0.41379310344827586    0.84263218321493927    0.84263218538655249    0.00000000217161322
                 tsitouras_arkode_5_4_b1    6    0.51724137931034486    0.76526075388411685    0.76526075695437135    0.00000000307025450
                 tsitouras_arkode_5_4_b1    7    0.62068965517241381    0.68027669855619566    0.68027670256829587    0.00000000401210021
                 tsitouras_arkode_5_4_b1    8    0.72413793103448276    0.59192475734434102    0.59192476213508860    0.00000000479074758
                 tsitouras_arkode_5_4_b1    9    0.82758620689655171    0.50414117553276327    0.50414118062702185    0.00000000509425857
                 tsitouras_arkode_5_4_b1   10    0.93103448275862066    0.42028374229893040    0.42028374684482200    0.00000000454589161
                 tsitouras_arkode_5_4_b1   11    1.03448275862068972    0.34295549720639640    0.34295549998583796    0.00000000277944157
                 tsitouras_arkode_5_4_b1   12    1.13793103448275867    0.27392880625698268    0.27392880579018886    0.00000000046679383
                 tsitouras_arkode_5_4_b1   13    1.24137931034482762    0.21416199430767657    0.21416198904547337    0.00000000526220320
                 tsitouras_arkode_5_4_b1   14    1.34482758620689657    0.16388977727618254    0.16388976584779275    0.00000001142838979
                 tsitouras_arkode_5_4_b1   15    1.44827586206896552    0.12276260592318122    0.12276258738810412    0.00000001853507710
                 tsitouras_arkode_5_4_b1   16    1.55172413793103448    0.09000882914053132    0.09000880318777127    0.00000002595276005
                 tsitouras_arkode_5_4_b1   17    1.65517241379310343    0.06459648966214843    0.06459645671042596    0.00000003295172246
                 tsitouras_arkode_5_4_b1   18    1.75862068965517238    0.04537718313028682    0.04537714430590826    0.00000003882437856
                 tsitouras_arkode_5_4_b1   19    1.86206896551724133    0.03120117719979617    0.03120113419753158    0.00000004300226459
                 tsitouras_arkode_5_4_b1   20    1.96551724137931028    0.02099951626551277    0.02099947112374686    0.00000004514176592
                 tsitouras_arkode_5_4_b1   21    2.06896551724137945    0.01383415081671018    0.01383410565439463    0.00000004516231555
                 tsitouras_arkode_5_4_b1   22    2.17241379310344840    0.00892073584448292    0.00892069261069119    0.00000004323379173
                 tsitouras_arkode_5_4_b1   23    2.27586206896551735    0.00563058968658266    0.00563054996455342    0.00000003972202924
                 tsitouras_arkode_5_4_b1   24    2.37931034482758630    0.00347866171385163    0.00347862660438811    0.00000003510946352
                 tsitouras_arkode_5_4_b1   25    2.48275862068965525    0.00210366093380444    0.00210363102336487    0.00000002991043957
                 tsitouras_arkode_5_4_b1   26    2.58620689655172420    0.00124521589117370    0.00124519129312524    0.00000002459804846
                 tsitouras_arkode_5_4_b1   27    2.68965517241379315    0.00072147138270593    0.00072145182940382    0.00000001955330212
                 tsitouras_arkode_5_4_b1   28    2.79310344827586210    0.00040916579654796    0.00040915075620006    0.00000001504034790
                 tsitouras_arkode_5_4_b1   29    2.89655172413793105    0.00022713578298715    0.00022712457769360    0.00000001120529356
                 tsitouras_arkode_5_4_b1   30    3.00000000000000000    0.00012341789637516    0.00012340980408668    0.00000000809228848
