                         fehlberg_7_8_b1    1    0.00000000000000000    1.00000000000000000    1.00000000000000000    0.00000000000000000
                         fehlberg_7_8_b1    2    0.10344827586206896    0.98935551204484273    0.98935551204517247    0.00000000000032974
                         fehlberg_7_8_b1    3    0.20689655172413793    0.95809706746076828    0.95809706746156065    0.00000000000079237
                         fehlberg_7_8_b1    4    0.31034482758620691    0.90817888305810912    0.90817888305953165    0.00000000000142253
                         fehlberg_7_8_b1    5    0.41379310344827586    0.84263218538430240    0.84263218538655249    0.00000000000225009
                         fehlberg_7_8_b1    6    0.51724137931034486    0.76526075695106799    0.76526075695437135    0.00000000000330336
                         fehlberg_7_8_b1    7    0.62068965517241381    0.68027670256367501    0.68027670256829587    0.00000000000462086
                         fehlberg_7_8_b1    8    0.72413793103448276    0.59192476212881417    0.59192476213508860    0.00000000000627443
                         fehlberg_7_8_b1    9    0.82758620689655171    0.50414118061862034    0.50414118062702185    0.00000000000840150
                         fehlberg_7_8_b1   10    0.93103448275862066    0.42028374683359371    0.42028374684482200    0.00000000001122830
                         fehlberg_7_8_b1   11    1.03448275862068972    0.34295549997077046    0.34295549998583796    0.00000000001506750
                         fehlberg_7_8_b1   12    1.13793103448275867    0.27392880576991496    0.27392880579018886    0.00000000002027389
                         fehlberg_7_8_b1   13    1.24137931034482762    0.21416198901831954    0.21416198904547337    0.00000000002715383
                         fehlberg_7_8_b1   14    1.34482758620689657    0.16388976581194392    0.16388976584779275    0.00000000003584882
                         fehlberg_7_8_b1   15    1.44827586206896552    0.12276258734188152    0.12276258738810412    0.00000000004622261
                         fehlberg_7_8_b1   16    1.55172413793103448    0.09000880312997692    0.09000880318777127    0.00000000005779435
                         fehlberg_7_8_b1   17    1.65517241379310343    0.06459645664067812    0.06459645671042596    0.00000000006974785
                         fehlberg_7_8_b1   18    1.75862068965517238    0.04537714422488141    0.04537714430590826    0.00000000008102684
                         fehlberg_7_8_b1   19    1.86206896551724133    0.03120113410703137    0.03120113419753158    0.00000000009050021
                         fehlberg_7_8_b1   20    1.96551724137931028    0.02099947102658914    0.02099947112374686    0.00000000009715772
                         fehlberg_7_8_b1   21    2.06896551724137945    0.01383410555410605    0.01383410565439463    0.00000000010028858
                         fehlberg_7_8_b1   22    2.17241379310344840    0.00892069251109164    0.00892069261069119    0.00000000009959955
                         fehlberg_7_8_b1   23    2.27586206896551735    0.00563054986930547    0.00563054996455342    0.00000000009524794
                         fehlberg_7_8_b1   24    2.37931034482758630    0.00347862651659936    0.00347862660438811    0.00000000008778875
                         fehlberg_7_8_b1   25    2.48275862068965525    0.00210363094530903    0.00210363102336487    0.00000000007805584
                         fehlberg_7_8_b1   26    2.58620689655172420    0.00124519122611458    0.00124519129312524    0.00000000006701066
                         fehlberg_7_8_b1   27    2.68965517241379315    0.00072145177381017    0.00072145182940382    0.00000000005559365
                         fehlberg_7_8_b1   28    2.79310344827586210    0.00040915071159360    0.00040915075620006    0.00000000004460646
                         fehlberg_7_8_b1   29    2.89655172413793105    0.00022712454305287    0.00022712457769360    0.00000000003464072
                         fehlberg_7_8_b1   30    3.00000000000000000    0.00012340977803150    0.00012340980408668    0.00000000002605518
