                     kutta_three_eight_4    1    0.00000000000000000    1.00000000000000000    1.00000000000000000    0.00000000000000000
                     kutta_three_eight_4    2    0.10344827586206896    0.98935544341241455    0.98935551204517247    0.00000006863275792
                     kutta_three_eight_4    3    0.20689655172413793    0.95809679384232183    0.95809706746156065    0.00000027361923882
                     kutta_three_eight_4    4    0.31034482758620691    0.90817828650963306    0.90817888305953165    0.00000059654989859
                     kutta_three_eight_4    5    0.41379310344827586    0.84263118970992756    0.84263218538655249    0.00000099567662493
                     kutta_three_eight_4    6    0.51724137931034486    0.76525935223186947    0.76526075695437135    0.00000140472250187
                     kutta_three_eight_4    7    0.62068965517241381    0.68027496588696568    0.68027670256829587    0.00000173668133019
                     kutta_three_eight_4    8    0.72413793103448276    0.59192286781741676    0.59192476213508860    0.00000189431767184
                     kutta_three_eight_4    9    0.82758620689655171    0.50413939386254913    0.50414118062702185    0.00000178676447271
                     kutta_three_eight_4   10    0.93103448275862066    0.42028239780759713    0.42028374684482200    0.00000134903722487
                     kutta_three_eight_4   11    1.03448275862068972    0.34295494047123531    0.34295549998583796    0.00000055951460265
                     kutta_three_eight_4   12    1.13793103448275867    0.27392935552729425    0.27392880579018886    0.00000054973710539
                     kutta_three_eight_4   13    1.24137931034482762    0.21416388237139891    0.21416198904547337    0.00000189332592554
                     kutta_three_eight_4   14    1.34482758620689657    0.16389311011508115    0.16388976584779275    0.00000334426728840
                     kutta_three_eight_4   15    1.44827586206896552    0.12276734203546966    0.12276258738810412    0.00000475464736553
                     kutta_three_eight_4   16    1.55172413793103448    0.09001478359731917    0.09000880318777127    0.00000598040954790
                     kutta_three_eight_4   17    1.65517241379310343    0.06460336127887523    0.06459645671042596    0.00000690456844926
                     kutta_three_eight_4   18    1.75862068965517238    0.04538459821740203    0.04537714430590826    0.00000745391149377
                     kutta_three_eight_4   19    1.86206896551724133    0.03120874046153274    0.03120113419753158    0.00000760626400116
                     kutta_three_eight_4   20    1.96551724137931028    0.02100685905954910    0.02099947112374686    0.00000738793580224
                     kutta_three_eight_4   21    2.06896551724137945    0.01384096890095780    0.01383410565439463    0.00000686324656317
                     kutta_three_eight_4   22    2.17241379310344840    0.00892681207357918    0.00892069261069119    0.00000611946288799
                     kutta_three_eight_4   23    2.27586206896551735    0.00563580081051539    0.00563054996455342    0.00000525084596197
                     kutta_three_eight_4   24    2.37931034482758630    0.00348297153270615    0.00347862660438811    0.00000434492831804
                     kutta_three_eight_4   25    2.48275862068965525    0.00210710399561738    0.00210363102336487    0.00000347297225252
                     kutta_three_eight_4   26    2.58620689655172420    0.00124787653632449    0.00124519129312524    0.00000268524319925
                     kutta_three_eight_4   27    2.68965517241379315    0.00072346244981685    0.00072145182940382    0.00000201062041304
                     kutta_three_eight_4   28    2.79310344827586210    0.00041061012785164    0.00040915075620006    0.00000145937165157
                     kutta_three_eight_4   29    2.89655172413793105    0.00022815225571976    0.00022712457769360    0.00000102767802616
                     kutta_three_eight_4   30    3.00000000000000000    0.00012411242691150    0.00012340980408668    0.00000070262282482
