                   dormand_prince_5_4_b1    1    0.00000000000000000    1.00000000000000000    1.00000000000000000    0.00000000000000000
                   dormand_prince_5_4_b1    2    0.10344827586206896    0.98935551207495731    0.98935551204517247    0.00000000002978484
                   dormand_prince_5_4_b1    3    0.20689655172413793    0.95809706738067768    0.95809706746156065    0.00000000008088297
                   dormand_prince_5_4_b1    4    0.31034482758620691    0.90817888260187585    0.90817888305953165    0.00000000045765580
                   dormand_prince_5_4_b1    5    0.41379310344827586    0.84263218420562402    0.84263218538655249    0.00000000118092847
                   dormand_prince_5_4_b1    6    0.51724137931034486    0.76526075475130506    0.76526075695437135    0.00000000220306628
                   dormand_prince_5_4_b1    7    0.62068965517241381    0.68027669930719736    0.68027670256829587    0.00000000326109850
                   dormand_prince_5_4_b1    8    0.72413793103448276    0.59192475831271107    0.59192476213508860    0.00000000382237753
                   dormand_prince_5_4_b1    9    0.82758620689655171    0.50414117752449172    0.50414118062702185    0.00000000310253012
                   dormand_prince_5_4_b1   10    0.93103448275862066    0.42028374666656509    0.42028374684482200    0.00000000017825691
                   dormand_prince_5_4_b1   11    1.03448275862068972    0.34295550579970124    0.34295549998583796    0.00000000581386328
                   dormand_prince_5_4_b1   12    1.13793103448275867    0.27392882122619677    0.27392880579018886    0.00000001543600792
                   dormand_prince_5_4_b1   13    1.24137931034482762    0.21416201777766933    0.21416198904547337    0.00000002873219596
                   dormand_prince_5_4_b1   14    1.34482758620689657    0.16388981095248256    0.16388976584779275    0.00000004510468982
                   dormand_prince_5_4_b1   15    1.44827586206896552    0.12276265071848513    0.12276258738810412    0.00000006333038101
                   dormand_prince_5_4_b1   16    1.55172413793103448    0.09000888491241771    0.09000880318777127    0.00000008172464644
                   dormand_prince_5_4_b1   17    1.65517241379310343    0.06459655512802823    0.06459645671042596    0.00000009841760226
                   dormand_prince_5_4_b1   18    1.75862068965517238    0.04537725598213850    0.04537714430590826    0.00000011167623024
                   dormand_prince_5_4_b1   19    1.86206896551724133    0.03120125439289607    0.03120113419753158    0.00000012019536449
                   dormand_prince_5_4_b1   20    1.96551724137931028    0.02099959441665469    0.02099947112374686    0.00000012329290783
                   dormand_prince_5_4_b1   21    2.06896551724137945    0.01383422662837073    0.01383410565439463    0.00000012097397610
                   dormand_prince_5_4_b1   22    2.17241379310344840    0.00892080647492236    0.00892069261069119    0.00000011386423117
                   dormand_prince_5_4_b1   23    2.27586206896551735    0.00563065300783782    0.00563054996455342    0.00000010304328440
                   dormand_prince_5_4_b1   24    2.37931034482758630    0.00347871643128594    0.00347862660438811    0.00000008982689783
                   dormand_prince_5_4_b1   25    2.48275862068965525    0.00210370657258021    0.00210363102336487    0.00000007554921534
                   dormand_prince_5_4_b1   26    2.58620689655172420    0.00124525267899051    0.00124519129312524    0.00000006138586527
                   dormand_prince_5_4_b1   27    2.68965517241379315    0.00072150007048451    0.00072145182940382    0.00000004824108069
                   dormand_prince_5_4_b1   28    2.79310344827586210    0.00040918745946681    0.00040915075620006    0.00000003670326674
                   dormand_prince_5_4_b1   29    2.89655172413793105    0.00022715163633169    0.00022712457769360    0.00000002705863809
                   dormand_prince_5_4_b1   30    3.00000000000000000    0.00012342914826058    0.00012340980408668    0.00000001934417390
