                   dormand_prince_7_8_b1    1    0.00000000000000000    1.00000000000000000    1.00000000000000000    0.00000000000000000
                   dormand_prince_7_8_b1    2    0.10344827586206896    0.98935551204516292    0.98935551204517247    0.00000000000000955
                   dormand_prince_7_8_b1    3    0.20689655172413793    0.95809706746153178    0.95809706746156065    0.00000000000002887
                   dormand_prince_7_8_b1    4    0.31034482758620691    0.90817888305947858    0.90817888305953165    0.00000000000005307
                   dormand_prince_7_8_b1    5    0.41379310344827586    0.84263218538647866    0.84263218538655249    0.00000000000007383
                   dormand_prince_7_8_b1    6    0.51724137931034486    0.76526075695428952    0.76526075695437135    0.00000000000008182
                   dormand_prince_7_8_b1    7    0.62068965517241381    0.68027670256822692    0.68027670256829587    0.00000000000006894
                   dormand_prince_7_8_b1    8    0.72413793103448276    0.59192476213505851    0.59192476213508860    0.00000000000003009
                   dormand_prince_7_8_b1    9    0.82758620689655171    0.50414118062705571    0.50414118062702185    0.00000000000003386
                   dormand_prince_7_8_b1   10    0.93103448275862066    0.42028374684493736    0.42028374684482200    0.00000000000011535
                   dormand_prince_7_8_b1   11    1.03448275862068972    0.34295549998603869    0.34295549998583796    0.00000000000020073
                   dormand_prince_7_8_b1   12    1.13793103448275867    0.27392880579046086    0.27392880579018886    0.00000000000027200
                   dormand_prince_7_8_b1   13    1.24137931034482762    0.21416198904578476    0.21416198904547337    0.00000000000031139
                   dormand_prince_7_8_b1   14    1.34482758620689657    0.16388976584809684    0.16388976584779275    0.00000000000030409
                   dormand_prince_7_8_b1   15    1.44827586206896552    0.12276258738834667    0.12276258738810412    0.00000000000024254
                   dormand_prince_7_8_b1   16    1.55172413793103448    0.09000880318789936    0.09000880318777127    0.00000000000012809
                   dormand_prince_7_8_b1   17    1.65517241379310343    0.06459645671039700    0.06459645671042596    0.00000000000002896
                   dormand_prince_7_8_b1   18    1.75862068965517238    0.04537714430569696    0.04537714430590826    0.00000000000021130
                   dormand_prince_7_8_b1   19    1.86206896551724133    0.03120113419713365    0.03120113419753158    0.00000000000039793
                   dormand_prince_7_8_b1   20    1.96551724137931028    0.02099947112317897    0.02099947112374686    0.00000000000056789
                   dormand_prince_7_8_b1   21    2.06896551724137945    0.01383410565369079    0.01383410565439463    0.00000000000070384
                   dormand_prince_7_8_b1   22    2.17241379310344840    0.00892069260989676    0.00892069261069119    0.00000000000079443
                   dormand_prince_7_8_b1   23    2.27586206896551735    0.00563054996371817    0.00563054996455342    0.00000000000083525
                   dormand_prince_7_8_b1   24    2.37931034482758630    0.00347862660355958    0.00347862660438811    0.00000000000082853
                   dormand_prince_7_8_b1   25    2.48275862068965525    0.00210363102258323    0.00210363102336487    0.00000000000078164
                   dormand_prince_7_8_b1   26    2.58620689655172420    0.00124519129242010    0.00124519129312524    0.00000000000070514
                   dormand_prince_7_8_b1   27    2.68965517241379315    0.00072145182879315    0.00072145182940382    0.00000000000061067
                   dormand_prince_7_8_b1   28    2.79310344827586210    0.00040915075569092    0.00040915075620006    0.00000000000050914
                   dormand_prince_7_8_b1   29    2.89655172413793105    0.00022712457728401    0.00022712457769360    0.00000000000040959
                   dormand_prince_7_8_b1   30    3.00000000000000000    0.00012340980376820    0.00012340980408668    0.00000000000031848
