                   dormand_prince_7_8_b2    1    0.00000000000000000    1.00000000000000000    1.00000000000000000    0.00000000000000000
                   dormand_prince_7_8_b2    2    0.10344827586206896    0.98935551204632399    0.98935551204517247    0.00000000000115152
                   dormand_prince_7_8_b2    3    0.20689655172413793    0.95809706746383894    0.95809706746156065    0.00000000000227829
                   dormand_prince_7_8_b2    4    0.31034482758620691    0.90817888306279126    0.90817888305953165    0.00000000000325961
                   dormand_prince_7_8_b2    5    0.41379310344827586    0.84263218539048934    0.84263218538655249    0.00000000000393685
                   dormand_prince_7_8_b2    6    0.51724137931034486    0.76526075695850815    0.76526075695437135    0.00000000000413680
                   dormand_prince_7_8_b2    7    0.62068965517241381    0.68027670257201656    0.68027670256829587    0.00000000000372069
                   dormand_prince_7_8_b2    8    0.72413793103448276    0.59192476213773360    0.59192476213508860    0.00000000000264500
                   dormand_prince_7_8_b2    9    0.82758620689655171    0.50414118062803037    0.50414118062702185    0.00000000000100853
                   dormand_prince_7_8_b2   10    0.93103448275862066    0.42028374684389175    0.42028374684482200    0.00000000000093026
                   dormand_prince_7_8_b2   11    1.03448275862068972    0.34295549998305658    0.34295549998583796    0.00000000000278139
                   dormand_prince_7_8_b2   12    1.13793103448275867    0.27392880578609541    0.27392880579018886    0.00000000000409345
                   dormand_prince_7_8_b2   13    1.24137931034482762    0.21416198904102543    0.21416198904547337    0.00000000000444794
                   dormand_prince_7_8_b2   14    1.34482758620689657    0.16388976584423509    0.16388976584779275    0.00000000000355765
                   dormand_prince_7_8_b2   15    1.44827586206896552    0.12276258738676654    0.12276258738810412    0.00000000000133758
                   dormand_prince_7_8_b2   16    1.55172413793103448    0.09000880318983823    0.09000880318777127    0.00000000000206696
                   dormand_prince_7_8_b2   17    1.65517241379310343    0.06459645671672923    0.06459645671042596    0.00000000000630326
                   dormand_prince_7_8_b2   18    1.75862068965517238    0.04537714431678626    0.04537714430590826    0.00000000001087800
                   dormand_prince_7_8_b2   19    1.86206896551724133    0.03120113421278161    0.03120113419753158    0.00000000001525003
                   dormand_prince_7_8_b2   20    1.96551724137931028    0.02099947114267339    0.02099947112374686    0.00000000001892653
                   dormand_prince_7_8_b2   21    2.06896551724137945    0.01383410567593569    0.01383410565439463    0.00000000002154106
                   dormand_prince_7_8_b2   22    2.17241379310344840    0.00892069263359034    0.00892069261069119    0.00000000002289914
                   dormand_prince_7_8_b2   23    2.27586206896551735    0.00563054998754012    0.00563054996455342    0.00000000002298671
                   dormand_prince_7_8_b2   24    2.37931034482758630    0.00347862662633336    0.00347862660438811    0.00000000002194525
                   dormand_prince_7_8_b2   25    2.48275862068965525    0.00210363104338972    0.00210363102336487    0.00000000002002486
                   dormand_prince_7_8_b2   26    2.58620689655172420    0.00124519131065355    0.00124519129312524    0.00000000001752831
                   dormand_prince_7_8_b2   27    2.68965517241379315    0.00072145184416244    0.00072145182940382    0.00000000001475862
                   dormand_prince_7_8_b2   28    2.79310344827586210    0.00040915076817899    0.00040915075620006    0.00000000001197892
                   dormand_prince_7_8_b2   29    2.89655172413793105    0.00022712458708216    0.00022712457769360    0.00000000000938856
                   dormand_prince_7_8_b2   30    3.00000000000000000    0.00012340981120201    0.00012340980408668    0.00000000000711533
