                 bogacki_shampine_3_2_b1    1    0.00000000000000000    1.00000000000000000    1.00000000000000000    0.00000000000000000
                 bogacki_shampine_3_2_b1    2    0.10344827586206896    0.98935571576219350    0.98935551204517247    0.00000020371702103
                 bogacki_shampine_3_2_b1    3    0.20689655172413793    0.95809843375677206    0.95809706746156065    0.00000136629521141
                 bogacki_shampine_3_2_b1    4    0.31034482758620691    0.90818278995224910    0.90817888305953165    0.00000390689271745
                 bogacki_shampine_3_2_b1    5    0.41379310344827586    0.84263983052097147    0.84263218538655249    0.00000764513441898
                 bogacki_shampine_3_2_b1    6    0.51724137931034486    0.76527248151005733    0.76526075695437135    0.00001172455568599
                 bogacki_shampine_3_2_b1    7    0.62068965517241381    0.68029146037321087    0.68027670256829587    0.00001475780491500
                 bogacki_shampine_3_2_b1    8    0.72413793103448276    0.59193991912588628    0.59192476213508860    0.00001515699079768
                 bogacki_shampine_3_2_b1    9    0.82758620689655171    0.50415273477403766    0.50414118062702185    0.00001155414701581
                 bogacki_shampine_3_2_b1   10    0.93103448275862066    0.42028693662383881    0.42028374684482200    0.00000318977901681
                 bogacki_shampine_3_2_b1   11    1.03448275862068972    0.34294565931763943    0.34295549998583796    0.00000984066819854
                 bogacki_shampine_3_2_b1   12    1.13793103448275867    0.27390225798478957    0.27392880579018886    0.00002654780539929
                 bogacki_shampine_3_2_b1   13    1.24137931034482762    0.21411676820720521    0.21416198904547337    0.00004522083826816
                 bogacki_shampine_3_2_b1   14    1.34482758620689657    0.16382600768944652    0.16388976584779275    0.00006375815834622
                 bogacki_shampine_3_2_b1   15    1.44827586206896552    0.12268252180950749    0.12276258738810412    0.00008006557859663
                 bogacki_shampine_3_2_b1   16    1.55172413793103448    0.08991637923070103    0.09000880318777127    0.00009242395707024
                 bogacki_shampine_3_2_b1   17    1.65517241379310343    0.06449670921339157    0.06459645671042596    0.00009974749703440
                 bogacki_shampine_3_2_b1   18    1.75862068965517238    0.04527545302360607    0.04537714430590826    0.00010169128230219
                 bogacki_shampine_3_2_b1   19    1.86206896551724133    0.03110252586507506    0.03120113419753158    0.00009860833245652
                 bogacki_shampine_3_2_b1   20    1.96551724137931028    0.02090808057985117    0.02099947112374686    0.00009139054389569
                 bogacki_shampine_3_2_b1   21    2.06896551724137945    0.01375285882132896    0.01383410565439463    0.00008124683306567
                 bogacki_shampine_3_2_b1   22    2.17241379310344840    0.00885121862438564    0.00892069261069119    0.00006947398630556
                 bogacki_shampine_3_2_b1   23    2.27586206896551735    0.00557328547131343    0.00563054996455342    0.00005726449323998
                 bogacki_shampine_3_2_b1   24    2.37931034482758630    0.00343304947701757    0.00347862660438811    0.00004557712737054
                 bogacki_shampine_3_2_b1   25    2.48275862068965525    0.00206855434241311    0.00210363102336487    0.00003507668095175
                 bogacki_shampine_3_2_b1   26    2.58620689655172420    0.00121905736345810    0.00124519129312524    0.00002613392966715
                 bogacki_shampine_3_2_b1   27    2.68965517241379315    0.00070258381940150    0.00072145182940382    0.00001886801000232
                 bogacki_shampine_3_2_b1   28    2.79310344827586210    0.00039593976129488    0.00040915075620006    0.00001321099490518
                 bogacki_shampine_3_2_b1   29    2.89655172413793105    0.00021814758930620    0.00022712457769360    0.00000897698838740
                 bogacki_shampine_3_2_b1   30    3.00000000000000000    0.00011748650996674    0.00012340980408668    0.00000592329411994
