                 bogacki_shampine_4_5_b2    1    0.00000000000000000    1.00000000000000000    1.00000000000000000    0.00000000000000000
                 bogacki_shampine_4_5_b2    2    0.10344827586206896    0.98935551119999032    0.98935551204517247    0.00000000084518215
                 bogacki_shampine_4_5_b2    3    0.20689655172413793    0.95809706479974421    0.95809706746156065    0.00000000266181643
                 bogacki_shampine_4_5_b2    4    0.31034482758620691    0.90817887800708497    0.90817888305953165    0.00000000505244668
                 bogacki_shampine_4_5_b2    5    0.41379310344827586    0.84263217794875489    0.84263218538655249    0.00000000743779760
                 bogacki_shampine_4_5_b2    6    0.51724137931034486    0.76526074779259567    0.76526075695437135    0.00000000916177567
                 bogacki_shampine_4_5_b2    7    0.62068965517241381    0.68027669295980009    0.68027670256829587    0.00000000960849578
                 bogacki_shampine_4_5_b2    8    0.72413793103448276    0.59192475382413157    0.59192476213508860    0.00000000831095703
                 bogacki_shampine_4_5_b2    9    0.82758620689655171    0.50414117559307015    0.50414118062702185    0.00000000503395170
                 bogacki_shampine_4_5_b2   10    0.93103448275862066    0.42028374702596349    0.42028374684482200    0.00000000018114149
                 bogacki_shampine_4_5_b2   11    1.03448275862068972    0.34295550700156791    0.34295549998583796    0.00000000701572994
                 bogacki_shampine_4_5_b2   12    1.13793103448275867    0.27392882070693553    0.27392880579018886    0.00000001491674667
                 bogacki_shampine_4_5_b2   13    1.24137931034482762    0.21416201222068143    0.21416198904547337    0.00000002317520806
                 bogacki_shampine_4_5_b2   14    1.34482758620689657    0.16388979687505245    0.16388976584779275    0.00000003102725971
                 bogacki_shampine_4_5_b2   15    1.44827586206896552    0.12276262514874357    0.12276258738810412    0.00000003776063945
                 bogacki_shampine_4_5_b2   16    1.55172413793103448    0.09000884599650422    0.09000880318777127    0.00000004280873295
                 bogacki_shampine_4_5_b2   17    1.65517241379310343    0.06459650252752079    0.06459645671042596    0.00000004581709483
                 bogacki_shampine_4_5_b2   18    1.75862068965517238    0.04537719097894578    0.04537714430590826    0.00000004667303752
                 bogacki_shampine_4_5_b2   19    1.86206896551724133    0.03120117969392313    0.03120113419753158    0.00000004549639155
                 bogacki_shampine_4_5_b2   20    1.96551724137931028    0.02099951372075914    0.02099947112374686    0.00000004259701228
                 bogacki_shampine_4_5_b2   21    2.06896551724137945    0.01383414406467052    0.01383410565439463    0.00000003841027589
                 bogacki_shampine_4_5_b2   22    2.17241379310344840    0.00892072603517015    0.00892069261069119    0.00000003342447896
                 bogacki_shampine_4_5_b2   23    2.27586206896551735    0.00563057807799241    0.00563054996455342    0.00000002811343899
                 bogacki_shampine_4_5_b2   24    2.37931034482758630    0.00347864948868502    0.00347862660438811    0.00000002288429691
                 bogacki_shampine_4_5_b2   25    2.48275862068965525    0.00210364906912715    0.00210363102336487    0.00000001804576228
                 bogacki_shampine_4_5_b2   26    2.58620689655172420    0.00124520509031360    0.00124519129312524    0.00000001379718836
                 bogacki_shampine_4_5_b2   27    2.68965517241379315    0.00072146206444088    0.00072145182940382    0.00000001023503707
                 bogacki_shampine_4_5_b2   28    2.79310344827586210    0.00040915812730471    0.00040915075620006    0.00000000737110464
                 bogacki_shampine_4_5_b2   29    2.89655172413793105    0.00022712973407988    0.00022712457769360    0.00000000515638628
                 bogacki_shampine_4_5_b2   30    3.00000000000000000    0.00012341330938392    0.00012340980408668    0.00000000350529724
