                              midpoint_2    1    0.00000000000000000    1.00000000000000000    1.00000000000000000    0.00000000000000000
                              midpoint_2    2    0.10344827586206896    0.98929845422116525    0.98935551204517247    0.00005705782400722
                              midpoint_2    3    0.20689655172413793    0.95787727865498395    0.95809706746156065    0.00021978880657669
                              midpoint_2    4    0.31034482758620691    0.90772043149665882    0.90817888305953165    0.00045845156287283
                              midpoint_2    5    0.41379310344827586    0.84190540300301675    0.84263218538655249    0.00072678238353574
                              midpoint_2    6    0.51724137931034486    0.76428923375372015    0.76526075695437135    0.00097152320065119
                              midpoint_2    7    0.62068965517241381    0.67913347702233873    0.68027670256829587    0.00114322554595714
                              midpoint_2    8    0.72413793103448276    0.59071892689199457    0.59192476213508860    0.00120583524309403
                              midpoint_2    9    0.82758620689655171    0.50299819228797416    0.50414118062702185    0.00114298833904769
                              midpoint_2   10    0.93103448275862066    0.41932387004543381    0.42028374684482200    0.00095987679938819
                              midpoint_2   11    1.03448275862068972    0.34227481860604186    0.34295549998583796    0.00068068137979610
                              midpoint_2   12    1.13793103448275867    0.27358621325947807    0.27392880579018886    0.00034259253071078
                              midpoint_2   13    1.24137931034482762    0.21417389928614033    0.21416198904547337    0.00001191024066696
                              midpoint_2   14    1.34482758620689657    0.16423246110277800    0.16388976584779275    0.00034269525498526
                              midpoint_2   15    1.44827586206896552    0.12338059975384605    0.12276258738810412    0.00061801236574192
                              midpoint_2   16    1.55172413793103448    0.09082681897497036    0.09000880318777127    0.00081801578719909
                              midpoint_2   17    1.65517241379310343    0.06553203254528285    0.06459645671042596    0.00093557583485689
                              midpoint_2   18    1.75862068965517238    0.04635193223838014    0.04537714430590826    0.00097478793247188
                              midpoint_2   19    1.86206896551724133    0.03214910372368550    0.03120113419753158    0.00094796952615392
                              midpoint_2   20    1.96551724137931028    0.02187152324909145    0.02099947112374686    0.00087205212534459
                              midpoint_2   21    2.06896551724137945    0.01459927060482582    0.01383410565439463    0.00076516495043119
                              midpoint_2   22    2.17241379310344840    0.00956464717516708    0.00892069261069119    0.00064395456447589
                              midpoint_2   23    2.27586206896551735    0.00615243896679324    0.00563054996455342    0.00052188900223982
                              midpoint_2   24    2.37931034482758630    0.00388716195025037    0.00347862660438811    0.00040853534586226
                              midpoint_2   25    2.48275862068965525    0.00241325431503601    0.00210363102336487    0.00030962329167115
                              midpoint_2   26    2.58620689655172420    0.00147281731675414    0.00124519129312524    0.00022762602362890
                              midpoint_2   27    2.68965517241379315    0.00088404106034639    0.00072145182940382    0.00016258923094257
                              midpoint_2   28    2.79310344827586210    0.00052214195013187    0.00040915075620006    0.00011299119393181
                              midpoint_2   29    2.89655172413793105    0.00030361601961976    0.00022712457769360    0.00007649144192616
                              midpoint_2   30    3.00000000000000000    0.00017390844138671    0.00012340980408668    0.00005049863730003
