                   dormand_prince_5_4_b2    1    0.00000000000000000    1.00000000000000000    1.00000000000000000    0.00000000000000000
                   dormand_prince_5_4_b2    2    0.10344827586206896    0.98935550882794210    0.98935551204517247    0.00000000321723037
                   dormand_prince_5_4_b2    3    0.20689655172413793    0.95809706768980551    0.95809706746156065    0.00000000022824487
                   dormand_prince_5_4_b2    4    0.31034482758620691    0.90817889435525645    0.90817888305953165    0.00000001129572480
                   dormand_prince_5_4_b2    5    0.41379310344827586    0.84263221505191266    0.84263218538655249    0.00000002966536017
                   dormand_prince_5_4_b2    6    0.51724137931034486    0.76526080984006262    0.76526075695437135    0.00000005288569127
                   dormand_prince_5_4_b2    7    0.62068965517241381    0.68027677850046242    0.68027670256829587    0.00000007593216655
                   dormand_prince_5_4_b2    8    0.72413793103448276    0.59192485366863035    0.59192476213508860    0.00000009153354175
                   dormand_prince_5_4_b2    9    0.82758620689655171    0.50414127199652758    0.50414118062702185    0.00000009136950574
                   dormand_prince_5_4_b2   10    0.93103448275862066    0.42028381476384280    0.42028374684482200    0.00000006791902080
                   dormand_prince_5_4_b2   11    1.03448275862068972    0.34295551645725553    0.34295549998583796    0.00000001647141756
                   dormand_prince_5_4_b2   12    1.13793103448275867    0.27392874249687199    0.27392880579018886    0.00000006329331687
                   dormand_prince_5_4_b2   13    1.24137931034482762    0.21416182239481882    0.21416198904547337    0.00000016665065455
                   dormand_prince_5_4_b2   14    1.34482758620689657    0.16388948151345689    0.16388976584779275    0.00000028433433585
                   dormand_prince_5_4_b2   15    1.44827586206896552    0.12276218329841281    0.12276258738810412    0.00000040408969132
                   dormand_prince_5_4_b2   16    1.55172413793103448    0.09000829030830071    0.09000880318777127    0.00000051287947056
                   dormand_prince_5_4_b2   17    1.65517241379310343    0.06459585752229605    0.06459645671042596    0.00000059918812992
                   dormand_prince_5_4_b2   18    1.75862068965517238    0.04537648941917674    0.04537714430590826    0.00000065488673152
                   dormand_prince_5_4_b2   19    1.86206896551724133    0.03120045791279435    0.03120113419753158    0.00000067628473723
                   dormand_prince_5_4_b2   20    1.96551724137931028    0.02099880688487785    0.02099947112374686    0.00000066423886901
                   dormand_prince_5_4_b2   21    2.06896551724137945    0.01383348222386405    0.01383410565439463    0.00000062343053059
                   dormand_prince_5_4_b2   22    2.17241379310344840    0.00892013151575562    0.00892069261069119    0.00000056109493557
                   dormand_prince_5_4_b2   23    2.27586206896551735    0.00563006441092324    0.00563054996455342    0.00000048555363018
                   dormand_prince_5_4_b2   24    2.37931034482758630    0.00347822173331826    0.00347862660438811    0.00000040487106985
                   dormand_prince_5_4_b2   25    2.48275862068965525    0.00210330516710831    0.00210363102336487    0.00000032585625656
                   dormand_prince_5_4_b2   26    2.58620689655172420    0.00124493778861113    0.00124519129312524    0.00000025350451411
                   dormand_prince_5_4_b2   27    2.68965517241379315    0.00072126096882363    0.00072145182940382    0.00000019086058019
                   dormand_prince_5_4_b2   28    2.79310344827586210    0.00040901154951120    0.00040915075620006    0.00000013920668886
                   dormand_prince_5_4_b2   29    2.89655172413793105    0.00022702613184800    0.00022712457769360    0.00000009844584560
                   dormand_prince_5_4_b2   30    3.00000000000000000    0.00012334224904582    0.00012340980408668    0.00000006755504086
