                       heun_euler_2_1_b2    1    0.00000000000000000    1.00000000000000000    1.00000000000000000    0.00000000000000000
                       heun_euler_2_1_b2    2    0.10344827586206896    1.00000000000000000    0.98935551204517247    0.01064448795482753
                       heun_euler_2_1_b2    3    0.20689655172413793    0.97859690844233060    0.95809706746156065    0.02049984098076996
                       heun_euler_2_1_b2    4    0.31034482758620691    0.93670690998344364    0.90817888305953165    0.02852802692391199
                       heun_euler_2_1_b2    5    0.41379310344827586    0.87656163871221182    0.84263218538655249    0.03392945332565933
                       heun_euler_2_1_b2    6    0.51724137931034486    0.80151712267501884    0.76526075695437135    0.03625636572064750
                       heun_euler_2_1_b2    7    0.62068965517241381    0.71574240086675289    0.68027670256829587    0.03546569829845703
                       heun_euler_2_1_b2    8    0.72413793103448276    0.62382780004200933    0.59192476213508860    0.03190303790692073
                       heun_euler_2_1_b2    9    0.82758620689655171    0.53036489539837894    0.50414118062702185    0.02622371477135710
                       heun_euler_2_1_b2   10    0.93103448275862066    0.43955330807689669    0.42028374684482200    0.01926956123207468
                       heun_euler_2_1_b2   11    1.03448275862068972    0.35488311080167995    0.34295549998583796    0.01192761081584198
                       heun_euler_2_1_b2   12    1.13793103448275867    0.27892715367409088    0.27392880579018886    0.00499834788390202
                       heun_euler_2_1_b2   13    1.24137931034482762    0.21325821618601715    0.21416198904547337    0.00090377285945623
                       heun_euler_2_1_b2   14    1.34482758620689657    0.15848559466856210    0.16388976584779275    0.00540417117923064
                       heun_euler_2_1_b2   15    1.44827586206896552    0.11438853265614410    0.12276258738810412    0.00837405473196003
                       heun_euler_2_1_b2   16    1.55172413793103448    0.08011277732992732    0.09000880318777127    0.00989602585784395
                       heun_euler_2_1_b2   17    1.65517241379310343    0.05439286070795303    0.06459645671042596    0.01020359600247293
                       heun_euler_2_1_b2   18    1.75862068965517238    0.03576605466289896    0.04537714430590826    0.00961108964300929
                       heun_euler_2_1_b2   19    1.86206896551724133    0.02275248423858614    0.03120113419753158    0.00844864995894544
                       heun_euler_2_1_b2   20    1.96551724137931028    0.01398696117877412    0.02099947112374686    0.00701250994497274
                       heun_euler_2_1_b2   21    2.06896551724137945    0.00829904117503958    0.01383410565439463    0.00553506447935505
                       heun_euler_2_1_b2   22    2.17241379310344840    0.00474653841283477    0.00892069261069119    0.00417415419785643
                       heun_euler_2_1_b2   23    2.27586206896551735    0.00261313589196492    0.00563054996455342    0.00301741407258850
                       heun_euler_2_1_b2   24    2.37931034482758630    0.00138269378350106    0.00347862660438811    0.00209593282088705
                       heun_euler_2_1_b2   25    2.48275862068965525    0.00070203358567771    0.00210363102336487    0.00140159743768716
                       heun_euler_2_1_b2   26    2.58620689655172420    0.00034141704701805    0.00124519129312524    0.00090377424610719
                       heun_euler_2_1_b2   27    2.68965517241379315    0.00015873253910114    0.00072145182940382    0.00056271929030268
                       heun_euler_2_1_b2   28    2.79310344827586210    0.00007040099534450    0.00040915075620006    0.00033874976085556
                       heun_euler_2_1_b2   29    2.89655172413793105    0.00002971742371855    0.00022712457769360    0.00019740715397505
                       heun_euler_2_1_b2   30    3.00000000000000000    0.00001190817097878    0.00012340980408668    0.00011150163310790
