               sofroniou_spaletta_4_3_b1    1    0.00000000000000000    1.00000000000000000    1.00000000000000000    0.00000000000000000
               sofroniou_spaletta_4_3_b1    2    0.10344827586206896    0.98935547064739249    0.98935551204517247    0.00000004139777998
               sofroniou_spaletta_4_3_b1    3    0.20689655172413793    0.95809690135961234    0.95809706746156065    0.00000016610194831
               sofroniou_spaletta_4_3_b1    4    0.31034482758620691    0.90817851978740460    0.90817888305953165    0.00000036327212705
               sofroniou_spaletta_4_3_b1    5    0.41379310344827586    0.84263158098464597    0.84263218538655249    0.00000060440190652
               sofroniou_spaletta_4_3_b1    6    0.51724137931034486    0.76525991674017646    0.76526075695437135    0.00000084021419489
               sofroniou_spaletta_4_3_b1    7    0.62068965517241381    0.68027570053374653    0.68027670256829587    0.00000100203454934
               sofroniou_spaletta_4_3_b1    8    0.72413793103448276    0.59192375234653016    0.59192476213508860    0.00000100978855844
               sofroniou_spaletta_4_3_b1    9    0.82758620689655171    0.50414039418208367    0.50414118062702185    0.00000078644493817
               sofroniou_spaletta_4_3_b1   10    0.93103448275862066    0.42028347079365080    0.42028374684482200    0.00000027605117120
               sofroniou_spaletta_4_3_b1   11    1.03448275862068972    0.34295603940088926    0.34295549998583796    0.00000053941505129
               sofroniou_spaletta_4_3_b1   12    1.13793103448275867    0.27393043529097055    0.27392880579018886    0.00000162950078170
               sofroniou_spaletta_4_3_b1   13    1.24137931034482762    0.21416490376584996    0.21416198904547337    0.00000291472037658
               sofroniou_spaletta_4_3_b1   14    1.34482758620689657    0.16389404276994290    0.16388976584779275    0.00000427692215016
               sofroniou_spaletta_4_3_b1   15    1.44827586206896552    0.12276816581409272    0.12276258738810412    0.00000557842598860
               sofroniou_spaletta_4_3_b1   16    1.55172413793103448    0.09001548857526707    0.09000880318777127    0.00000668538749581
               sofroniou_spaletta_4_3_b1   17    1.65517241379310343    0.06460394659641926    0.06459645671042596    0.00000748988599329
               sofroniou_spaletta_4_3_b1   18    1.75862068965517238    0.04538507020422004    0.04537714430590826    0.00000792589831178
               sofroniou_spaletta_4_3_b1   19    1.86206896551724133    0.03120911044441181    0.03120113419753158    0.00000797624688023
               sofroniou_spaletta_4_3_b1   20    1.96551724137931028    0.02100714120642472    0.02099947112374686    0.00000767008267787
               sofroniou_spaletta_4_3_b1   21    2.06896551724137945    0.01384117835537508    0.01383410565439463    0.00000707270098045
               sofroniou_spaletta_4_3_b1   22    2.17241379310344840    0.00892696352157379    0.00892069261069119    0.00000627091088259
               sofroniou_spaletta_4_3_b1   23    2.27586206896551735    0.00563590752028947    0.00563054996455342    0.00000535755573605
               sofroniou_spaletta_4_3_b1   24    2.37931034482758630    0.00348304483073991    0.00347862660438811    0.00000441822635180
               sofroniou_spaletta_4_3_b1   25    2.48275862068965525    0.00210715309626650    0.00210363102336487    0.00000352207290164
               sofroniou_spaletta_4_3_b1   26    2.58620689655172420    0.00124790862343449    0.00124519129312524    0.00000271733030925
               sofroniou_spaletta_4_3_b1   27    2.68965517241379315    0.00072348291188527    0.00072145182940382    0.00000203108248146
               sofroniou_spaletta_4_3_b1   28    2.79310344827586210    0.00041062286461508    0.00040915075620006    0.00000147210841501
               sofroniou_spaletta_4_3_b1   29    2.89655172413793105    0.00022815999613737    0.00022712457769360    0.00000103541844377
               sofroniou_spaletta_4_3_b1   30    3.00000000000000000    0.00012411702060976    0.00012340980408668    0.00000070721652308
