                        cash_karp_5_4_b1    1    0.00000000000000000    1.00000000000000000    1.00000000000000000    0.00000000000000000
                        cash_karp_5_4_b1    2    0.10344827586206896    0.98935551102851593    0.98935551204517247    0.00000000101665654
                        cash_karp_5_4_b1    3    0.20689655172413793    0.95809706579063669    0.95809706746156065    0.00000000167092395
                        cash_karp_5_4_b1    4    0.31034482758620691    0.90817888152332182    0.90817888305953165    0.00000000153620983
                        cash_karp_5_4_b1    5    0.41379310344827586    0.84263218509264903    0.84263218538655249    0.00000000029390346
                        cash_karp_5_4_b1    6    0.51724137931034486    0.76526075914905944    0.76526075695437135    0.00000000219468810
                        cash_karp_5_4_b1    7    0.62068965517241381    0.68027670840546106    0.68027670256829587    0.00000000583716520
                        cash_karp_5_4_b1    8    0.72413793103448276    0.59192477243284525    0.59192476213508860    0.00000001029775665
                        cash_karp_5_4_b1    9    0.82758620689655171    0.50414119566321525    0.50414118062702185    0.00000001503619340
                        cash_karp_5_4_b1   10    0.93103448275862066    0.42028376624185892    0.42028374684482200    0.00000001939703692
                        cash_karp_5_4_b1   11    1.03448275862068972    0.34295552271888557    0.34295549998583796    0.00000002273304761
                        cash_karp_5_4_b1   12    1.13793103448275867    0.27392883032408549    0.27392880579018886    0.00000002453389664
                        cash_karp_5_4_b1   13    1.24137931034482762    0.21416201357329764    0.21416198904547337    0.00000002452782427
                        cash_karp_5_4_b1   14    1.34482758620689657    0.16388978857835992    0.16388976584779275    0.00000002273056718
                        cash_karp_5_4_b1   15    1.44827586206896552    0.12276260681886357    0.12276258738810412    0.00000001943075945
                        cash_karp_5_4_b1   16    1.55172413793103448    0.09000881830651392    0.09000880318777127    0.00000001511874265
                        cash_karp_5_4_b1   17    1.65517241379310343    0.06459646709069408    0.06459645671042596    0.00000001038026812
                        cash_karp_5_4_b1   18    1.75862068965517238    0.04537715008942858    0.04537714430590826    0.00000000578352032
                        cash_karp_5_4_b1   19    1.86206896551724133    0.03120113598346259    0.03120113419753158    0.00000000178593101
                        cash_karp_5_4_b1   20    1.96551724137931028    0.02099946980198622    0.02099947112374686    0.00000000132176063
                        cash_karp_5_4_b1   21    2.06896551724137945    0.01383410222543441    0.01383410565439463    0.00000000342896022
                        cash_karp_5_4_b1   22    2.17241379310344840    0.00892068802851526    0.00892069261069119    0.00000000458217593
                        cash_karp_5_4_b1   23    2.27586206896551735    0.00563054502583473    0.00563054996455342    0.00000000493871869
                        cash_karp_5_4_b1   24    2.37931034482758630    0.00347862189186989    0.00347862660438811    0.00000000471251822
                        cash_karp_5_4_b1   25    2.48275862068965525    0.00210362689821551    0.00210363102336487    0.00000000412514936
                        cash_karp_5_4_b1   26    2.58620689655172420    0.00124518792284450    0.00124519129312524    0.00000000337028074
                        cash_karp_5_4_b1   27    2.68965517241379315    0.00072144923507974    0.00072145182940382    0.00000000259432408
                        cash_karp_5_4_b1   28    2.79310344827586210    0.00040914886452994    0.00040915075620006    0.00000000189167013
                        cash_karp_5_4_b1   29    2.89655172413793105    0.00022712326735205    0.00022712457769360    0.00000000131034154
                        cash_karp_5_4_b1   30    3.00000000000000000    0.00012340894089213    0.00012340980408668    0.00000000086319455
