                 tsitouras_arkode_5_4_b2    1    0.00000000000000000    1.00000000000000000    1.00000000000000000    0.00000000000000000
                 tsitouras_arkode_5_4_b2    2    0.10344827586206896    0.98935550854192689    0.98935551204517247    0.00000000350324558
                 tsitouras_arkode_5_4_b2    3    0.20689655172413793    0.95809708170912777    0.95809706746156065    0.00000001424756713
                 tsitouras_arkode_5_4_b2    4    0.31034482758620691    0.90817893586171394    0.90817888305953165    0.00000005280218229
                 tsitouras_arkode_5_4_b2    5    0.41379310344827586    0.84263229382813709    0.84263218538655249    0.00000010844158460
                 tsitouras_arkode_5_4_b2    6    0.51724137931034486    0.76526093091593361    0.76526075695437135    0.00000017396156227
                 tsitouras_arkode_5_4_b2    7    0.62068965517241381    0.68027694165574781    0.68027670256829587    0.00000023908745195
                 tsitouras_arkode_5_4_b2    8    0.72413793103448276    0.59192505381021898    0.59192476213508860    0.00000029167513038
                 tsitouras_arkode_5_4_b2    9    0.82758620689655171    0.50414150024498028    0.50414118062702185    0.00000031961795843
                 tsitouras_arkode_5_4_b2   10    0.93103448275862066    0.42028405996337859    0.42028374684482200    0.00000031311855658
                 tsitouras_arkode_5_4_b2   11    1.03448275862068972    0.34295576678630135    0.34295549998583796    0.00000026680046339
                 tsitouras_arkode_5_4_b2   12    1.13793103448275867    0.27392898689702760    0.27392880579018886    0.00000018110683875
                 tsitouras_arkode_5_4_b2   13    1.24137931034482762    0.21416205162874374    0.21416198904547337    0.00000006258327037
                 tsitouras_arkode_5_4_b2   14    1.34482758620689657    0.16388968877285620    0.16388976584779275    0.00000007707493654
                 tsitouras_arkode_5_4_b2   15    1.44827586206896552    0.12276236438162094    0.12276258738810412    0.00000022300648318
                 tsitouras_arkode_5_4_b2   16    1.55172413793103448    0.09000844345393562    0.09000880318777127    0.00000035973383565
                 tsitouras_arkode_5_4_b2   17    1.65517241379310343    0.06459598301561879    0.06459645671042596    0.00000047369480717
                 tsitouras_arkode_5_4_b2   18    1.75862068965517238    0.04537658908663728    0.04537714430590826    0.00000055521927098
                 tsitouras_arkode_5_4_b2   19    1.86206896551724133    0.03120053459906319    0.03120113419753158    0.00000059959846839
                 tsitouras_arkode_5_4_b2   20    1.96551724137931028    0.02099886397736509    0.02099947112374686    0.00000060714638176
                 tsitouras_arkode_5_4_b2   21    2.06896551724137945    0.01383352326133697    0.01383410565439463    0.00000058239305766
                 tsitouras_arkode_5_4_b2   22    2.17241379310344840    0.00892015989507559    0.00892069261069119    0.00000053271561560
                 tsitouras_arkode_5_4_b2   23    2.27586206896551735    0.00563008319041591    0.00563054996455342    0.00000046677413751
                 tsitouras_arkode_5_4_b2   24    2.37931034482758630    0.00347823352196940    0.00347862660438811    0.00000039308241871
                 tsitouras_arkode_5_4_b2   25    2.48275862068965525    0.00210331208397421    0.00210363102336487    0.00000031893939066
                 tsitouras_arkode_5_4_b2   26    2.58620689655172420    0.00124494147504400    0.00124519129312524    0.00000024981808125
                 tsitouras_arkode_5_4_b2   27    2.68965517241379315    0.00072126263632801    0.00072145182940382    0.00000018919307580
                 tsitouras_arkode_5_4_b2   28    2.79310344827586210    0.00040901204767151    0.00040915075620006    0.00000013870852855
                 tsitouras_arkode_5_4_b2   29    2.89655172413793105    0.00022702602339296    0.00022712457769360    0.00000009855430064
                 tsitouras_arkode_5_4_b2   30    3.00000000000000000    0.00012334188234562    0.00012340980408668    0.00000006792174106
