                        cash_karp_5_4_b2    1    0.00000000000000000    1.00000000000000000    1.00000000000000000    0.00000000000000000
                        cash_karp_5_4_b2    2    0.10344827586206896    0.81310365334207213    0.81310375981903771    0.00000010647696558
                        cash_karp_5_4_b2    3    0.20689655172413793    0.66113755107822458    0.66113772423185535    0.00000017315363077
                        cash_karp_5_4_b2    4    0.31034482758620691    0.53757335814333518    0.53757356933112366    0.00000021118778848
                        cash_karp_5_4_b2    5    0.41379310344827586    0.43710286144571198    0.43710309040247686    0.00000022895676488
                        cash_karp_5_4_b2    6    0.51724137931034486    0.35540993352778194    0.35541016623477462    0.00000023270699268
                        cash_karp_5_4_b2    7    0.62068965517241381    0.28898511538550248    0.28898534244340446    0.00000022705790198
                        cash_karp_5_4_b2    8    0.72413793103448276    0.23497485308143229    0.23497506847332431    0.00000021539189202
                        cash_karp_5_4_b2    9    0.82758620689655171    0.19105891148402923    0.19105911163939585    0.00000020015536661
                        cash_karp_5_4_b2   10    0.93103448275862066    0.15535069893122375    0.15535088202167802    0.00000018309045427
                        cash_karp_5_4_b2   11    1.03448275862068972    0.12631622085022237    0.12631638626303013    0.00000016541280776
                        cash_karp_5_4_b2   12    1.13793103448275867    0.10270818064967983    0.10270832859722365    0.00000014794754381
                        cash_karp_5_4_b2   13    1.24137931034482762    0.08351239691437219    0.08351252814713174    0.00000013123275955
                        cash_karp_5_4_b2   14    1.34482758620689657    0.06790423503042922    0.06790435062842604    0.00000011559799681
                        cash_karp_5_4_b2   15    1.44827586206896552    0.05521318158064071    0.05521328280404345    0.00000010122340274
                        cash_karp_5_4_b2   16    1.55172413793103448    0.04489403965585816    0.04489412783991955    0.00000008818406139
                        cash_karp_5_4_b2   17    1.65517241379310343    0.03650350765746213    0.03650358414043512    0.00000007648297299
                        cash_karp_5_4_b2   18    1.75862068965517238    0.02968113543608276    0.02968120151145839    0.00000006607537563
                        cash_karp_5_4_b2   19    1.86206896551724133    0.02413383965841973    0.02413389654491332    0.00000005688649360
                        cash_karp_5_4_b2   20    1.96551724137931028    0.01962331319543287    0.01962336201975271    0.00000004882431984
                        cash_karp_5_4_b2   21    2.06896551724137945    0.01595578764988215    0.01595582943855103    0.00000004178866887
                        cash_karp_5_4_b2   22    2.17241379310344840    0.01297370923006949    0.01297374490751713    0.00000003567744763
                        cash_karp_5_4_b2   23    2.27586206896551735    0.01054897037236727    0.01054900076323527    0.00000003039086800
                        cash_karp_5_4_b2   24    2.37931034482758630    0.00857740634876910    0.00857743218292050    0.00000002583415139
                        cash_karp_5_4_b2   25    2.48275862068965525    0.00697432043838364    0.00697434235752547    0.00000002191914183
                        cash_karp_5_4_b2   26    2.58620689655172420    0.00567084542802802    0.00567086399316913    0.00000001856514111
                        cash_karp_5_4_b2   27    2.68965517241379315    0.00461098513506777    0.00461100083426822    0.00000001569920045
                        cash_karp_5_4_b2   28    2.79310344827586210    0.00374920885882959    0.00374922211487221    0.00000001325604262
                        cash_karp_5_4_b2   29    2.89655172413793105    0.00304849542025680    0.00304850659799928    0.00000001117774248
                        cash_karp_5_4_b2   30    3.00000000000000000    0.00247874276340738    0.00247875217666636    0.00000000941325898
