                 bogacki_shampine_3_2_b1    1    0.00000000000000000    1.00000000000000000    1.00000000000000000    0.00000000000000000
                 bogacki_shampine_3_2_b1    2    0.10344827586206896    0.81303046455369232    0.81310375981903771    0.00007329526534539
                 bogacki_shampine_3_2_b1    3    0.20689655172413793    0.66101853629239271    0.66113772423185535    0.00011918793946264
                 bogacki_shampine_3_2_b1    4    0.31034482758620691    0.53742820764040578    0.53757356933112366    0.00014536169071788
                 bogacki_shampine_3_2_b1    5    0.41379310344827586    0.43694550532213727    0.43710309040247686    0.00015758508033958
                 bogacki_shampine_3_2_b1    6    0.51724137931034486    0.35525000717670507    0.35541016623477462    0.00016015905806954
                 bogacki_shampine_3_2_b1    7    0.62068965517241381    0.28882907836757904    0.28898534244340446    0.00015626407582542
                 bogacki_shampine_3_2_b1    8    0.72413793103448276    0.23482683976180757    0.23497506847332431    0.00014822871151673
                 bogacki_shampine_3_2_b1    9    0.82758620689655171    0.19092137462121786    0.19105911163939585    0.00013773701817799
                 bogacki_shampine_3_2_b1   10    0.93103448275862066    0.15522489390151828    0.15535088202167802    0.00012598812015974
                 bogacki_shampine_3_2_b1   11    1.03448275862068972    0.12620256759904899    0.12631638626303013    0.00011381866398114
                 bogacki_shampine_3_2_b1   12    1.13793103448275867    0.10260653216292355    0.10270832859722365    0.00010179643430010
                 bogacki_shampine_3_2_b1   13    1.24137931034482762    0.08342223651066510    0.08351252814713174    0.00009029163646664
                 bogacki_shampine_3_2_b1   14    1.34482758620689657    0.06782481970437404    0.06790435062842604    0.00007953092405200
                 bogacki_shampine_3_2_b1   15    1.44827586206896552    0.05514364467251764    0.05521328280404345    0.00006963813152581
                 bogacki_shampine_3_2_b1   16    1.55172413793103448    0.04483346304528076    0.04489412783991955    0.00006066479463879
                 bogacki_shampine_3_2_b1   17    1.65517241379310343    0.03645097128725541    0.03650358414043512    0.00005261285317971
                 bogacki_shampine_3_2_b1   18    1.75862068965517238    0.02963575011911056    0.02968120151145839    0.00004545139234783
                 bogacki_shampine_3_2_b1   19    1.86206896551724133    0.02409476768673760    0.02413389654491332    0.00003912885817572
                 bogacki_shampine_3_2_b1   20    1.96551724137931028    0.01958978016566156    0.01962336201975271    0.00003358185409115
                 bogacki_shampine_3_2_b1   21    2.06896551724137945    0.01592708806859253    0.01595582943855103    0.00002874136995850
                 bogacki_shampine_3_2_b1   22    2.17241379310344840    0.01294920781139535    0.01297374490751713    0.00002453709612178
                 bogacki_shampine_3_2_b1   23    2.27586206896551735    0.01052810044250106    0.01054900076323527    0.00002090032073421
                 bogacki_shampine_3_2_b1   24    2.37931034482758630    0.00855966639363457    0.00857743218292050    0.00001776578928592
                 bogacki_shampine_3_2_b1   25    2.48275862068965525    0.00695926954444134    0.00697434235752547    0.00001507281308413
                 bogacki_shampine_3_2_b1   26    2.58620689655172420    0.00565809815067151    0.00567086399316913    0.00001276584249763
                 bogacki_shampine_3_2_b1   27    2.68965517241379315    0.00460020616793084    0.00461100083426822    0.00001079466633738
                 bogacki_shampine_3_2_b1   28    2.79310344827586210    0.00374010775775557    0.00374922211487221    0.00000911435711664
                 bogacki_shampine_3_2_b1   29    2.89655172413793105    0.00304082154776888    0.00304850659799928    0.00000768505023040
                 bogacki_shampine_3_2_b1   30    3.00000000000000000    0.00247228055560741    0.00247875217666636    0.00000647162105895
