                 tsitouras_arkode_5_4_b2    1    0.00000000000000000    1.00000000000000000    1.00000000000000000    0.00000000000000000
                 tsitouras_arkode_5_4_b2    2    0.10344827586206896    0.81310347881594636    0.81310375981903771    0.00000028100309135
                 tsitouras_arkode_5_4_b2    3    0.20689655172413793    0.66113726726259403    0.66113772423185535    0.00000045696926132
                 tsitouras_arkode_5_4_b2    4    0.31034482758620691    0.53757301198608332    0.53757356933112366    0.00000055734504034
                 tsitouras_arkode_5_4_b2    5    0.41379310344827586    0.43710248616345077    0.43710309040247686    0.00000060423902609
                 tsitouras_arkode_5_4_b2    6    0.51724137931034486    0.35540955209860092    0.35541016623477462    0.00000061413617369
                 tsitouras_arkode_5_4_b2    7    0.62068965517241381    0.28898474321578971    0.28898534244340446    0.00000059922761475
                 tsitouras_arkode_5_4_b2    8    0.72413793103448276    0.23497450003349152    0.23497506847332431    0.00000056843983279
                 tsitouras_arkode_5_4_b2    9    0.82758620689655171    0.19105858341026963    0.19105911163939585    0.00000052822912622
                 tsitouras_arkode_5_4_b2   10    0.93103448275862066    0.15535039882853691    0.15535088202167802    0.00000048319314111
                 tsitouras_arkode_5_4_b2   11    1.03448275862068972    0.12631594972292806    0.12631638626303013    0.00000043654010207
                 tsitouras_arkode_5_4_b2   12    1.13793103448275867    0.10270793814965296    0.10270832859722365    0.00000039044757069
                 tsitouras_arkode_5_4_b2   13    1.24137931034482762    0.08351218181149589    0.08351252814713174    0.00000034633563585
                 tsitouras_arkode_5_4_b2   14    1.34482758620689657    0.06790404555443712    0.06790435062842604    0.00000030507398892
                 tsitouras_arkode_5_4_b2   15    1.44827586206896552    0.05521301566598932    0.05521328280404345    0.00000026713805414
                 tsitouras_arkode_5_4_b2   16    1.55172413793103448    0.04489389511393526    0.04489412783991955    0.00000023272598429
                 tsitouras_arkode_5_4_b2   17    1.65517241379310343    0.03650338229473898    0.03650358414043512    0.00000020184569614
                 tsitouras_arkode_5_4_b2   18    1.75862068965517238    0.02968102713240069    0.02968120151145839    0.00000017437905771
                 tsitouras_arkode_5_4_b2   19    1.86206896551724133    0.02413374641618549    0.02413389654491332    0.00000015012872783
                 tsitouras_arkode_5_4_b2   20    1.96551724137931028    0.01962323316786230    0.01962336201975271    0.00000012885189041
                 tsitouras_arkode_5_4_b2   21    2.06896551724137945    0.01595571915440530    0.01595582943855103    0.00000011028414573
                 tsitouras_arkode_5_4_b2   22    2.17241379310344840    0.01297365075145718    0.01297374490751713    0.00000009415605995
                 tsitouras_arkode_5_4_b2   23    2.27586206896551735    0.01054892055895295    0.01054900076323527    0.00000008020428232
                 tsitouras_arkode_5_4_b2   24    2.37931034482758630    0.00857736400423770    0.00857743218292050    0.00000006817868280
                 tsitouras_arkode_5_4_b2   25    2.48275862068965525    0.00697428451091635    0.00697434235752547    0.00000005784660912
                 tsitouras_arkode_5_4_b2   26    2.58620689655172420    0.00567081499807826    0.00567086399316913    0.00000004899509088
                 tsitouras_arkode_5_4_b2   27    2.68965517241379315    0.00461095940265907    0.00461100083426822    0.00000004143160915
                 tsitouras_arkode_5_4_b2   28    2.79310344827586210    0.00374918713098119    0.00374922211487221    0.00000003498389102
                 tsitouras_arkode_5_4_b2   29    2.89655172413793105    0.00304847709893278    0.00304850659799928    0.00000002949906650
                 tsitouras_arkode_5_4_b2   30    3.00000000000000000    0.00247872733423299    0.00247875217666636    0.00000002484243337
