                   dormand_prince_5_4_b2    1    0.00000000000000000    1.00000000000000000    1.00000000000000000    0.00000000000000000
                   dormand_prince_5_4_b2    2    0.10344827586206896    0.81310345212943169    0.81310375981903771    0.00000030768960602
                   dormand_prince_5_4_b2    3    0.20689655172413793    0.66113722386479901    0.66113772423185535    0.00000050036705634
                   dormand_prince_5_4_b2    4    0.31034482758620691    0.53757295905573699    0.53757356933112366    0.00000061027538667
                   dormand_prince_5_4_b2    5    0.41379310344827586    0.43710242877965344    0.43710309040247686    0.00000066162282342
                   dormand_prince_5_4_b2    6    0.51724137931034486    0.35540949377489528    0.35541016623477462    0.00000067245987934
                   dormand_prince_5_4_b2    7    0.62068965517241381    0.28898468630794111    0.28898534244340446    0.00000065613546335
                   dormand_prince_5_4_b2    8    0.72413793103448276    0.23497444604952783    0.23497506847332431    0.00000062242379648
                   dormand_prince_5_4_b2    9    0.82758620689655171    0.19105853324507199    0.19105911163939585    0.00000057839432385
                   dormand_prince_5_4_b2   10    0.93103448275862066    0.15535035294035385    0.15535088202167802    0.00000052908132417
                   dormand_prince_5_4_b2   11    1.03448275862068972    0.12631590826532732    0.12631638626303013    0.00000047799770281
                   dormand_prince_5_4_b2   12    1.13793103448275867    0.10270790106940225    0.10270832859722365    0.00000042752782139
                   dormand_prince_5_4_b2   13    1.24137931034482762    0.08351214892049913    0.08351252814713174    0.00000037922663261
                   dormand_prince_5_4_b2   14    1.34482758620689657    0.06790401658200504    0.06790435062842604    0.00000033404642100
                   dormand_prince_5_4_b2   15    1.44827586206896552    0.05521299029628247    0.05521328280404345    0.00000029250776098
                   dormand_prince_5_4_b2   16    1.55172413793103448    0.04489387301229610    0.04489412783991955    0.00000025482762345
                   dormand_prince_5_4_b2   17    1.65517241379310343    0.03650336312575829    0.03650358414043512    0.00000022101467683
                   dormand_prince_5_4_b2   18    1.75862068965517238    0.02968101057188827    0.02968120151145839    0.00000019093957013
                   dormand_prince_5_4_b2   19    1.86206896551724133    0.02413373215869251    0.02413389654491332    0.00000016438622082
                   dormand_prince_5_4_b2   20    1.96551724137931028    0.01962322093099996    0.01962336201975271    0.00000014108875275
                   dormand_prince_5_4_b2   21    2.06896551724137945    0.01595570868089459    0.01595582943855103    0.00000012075765644
                   dormand_prince_5_4_b2   22    2.17241379310344840    0.01297364180960693    0.01297374490751713    0.00000010309791020
                   dormand_prince_5_4_b2   23    2.27586206896551735    0.01054891294208212    0.01054900076323527    0.00000008782115315
                   dormand_prince_5_4_b2   24    2.37931034482758630    0.00857735752941981    0.00857743218292050    0.00000007465350068
                   dormand_prince_5_4_b2   25    2.48275862068965525    0.00697427901731962    0.00697434235752547    0.00000006334020585
                   dormand_prince_5_4_b2   26    2.58620689655172420    0.00567081034509645    0.00567086399316913    0.00000005364807269
                   dormand_prince_5_4_b2   27    2.68965517241379315    0.00461095546796921    0.00461100083426822    0.00000004536629901
                   dormand_prince_5_4_b2   28    2.79310344827586210    0.00374918380862085    0.00374922211487221    0.00000003830625136
                   dormand_prince_5_4_b2   29    2.89655172413793105    0.00304847429745738    0.00304850659799928    0.00000003230054190
                   dormand_prince_5_4_b2   30    3.00000000000000000    0.00247872497499044    0.00247875217666636    0.00000002720167592
