                   dormand_prince_7_8_b2    1    0.00000000000000000    1.00000000000000000    1.00000000000000000    0.00000000000000000
                   dormand_prince_7_8_b2    2    0.10344827586206896    0.81310375981997474    0.81310375981903771    0.00000000000093703
                   dormand_prince_7_8_b2    3    0.20689655172413793    0.66113772423337935    0.66113772423185535    0.00000000000152400
                   dormand_prince_7_8_b2    4    0.31034482758620691    0.53757356933298239    0.53757356933112366    0.00000000000185874
                   dormand_prince_7_8_b2    5    0.41379310344827586    0.43710309040449191    0.43710309040247686    0.00000000000201505
                   dormand_prince_7_8_b2    6    0.51724137931034486    0.35541016623682276    0.35541016623477462    0.00000000000204814
                   dormand_prince_7_8_b2    7    0.62068965517241381    0.28898534244540286    0.28898534244340446    0.00000000000199840
                   dormand_prince_7_8_b2    8    0.72413793103448276    0.23497506847522007    0.23497506847332431    0.00000000000189576
                   dormand_prince_7_8_b2    9    0.82758620689655171    0.19105911164115746    0.19105911163939585    0.00000000000176162
                   dormand_prince_7_8_b2   10    0.93103448275862066    0.15535088202328945    0.15535088202167802    0.00000000000161143
                   dormand_prince_7_8_b2   11    1.03448275862068972    0.12631638626448596    0.12631638626303013    0.00000000000145584
                   dormand_prince_7_8_b2   12    1.13793103448275867    0.10270832859852576    0.10270832859722365    0.00000000000130211
                   dormand_prince_7_8_b2   13    1.24137931034482762    0.08351252814828673    0.08351252814713174    0.00000000000115499
                   dormand_prince_7_8_b2   14    1.34482758620689657    0.06790435062944343    0.06790435062842604    0.00000000000101739
                   dormand_prince_7_8_b2   15    1.44827586206896552    0.05521328280493433    0.05521328280404345    0.00000000000089088
                   dormand_prince_7_8_b2   16    1.55172413793103448    0.04489412784069567    0.04489412783991955    0.00000000000077612
                   dormand_prince_7_8_b2   17    1.65517241379310343    0.03650358414110826    0.03650358414043512    0.00000000000067314
                   dormand_prince_7_8_b2   18    1.75862068965517238    0.02968120151203993    0.02968120151145839    0.00000000000058153
                   dormand_prince_7_8_b2   19    1.86206896551724133    0.02413389654541399    0.02413389654491332    0.00000000000050066
                   dormand_prince_7_8_b2   20    1.96551724137931028    0.01962336202018242    0.01962336201975271    0.00000000000042971
                   dormand_prince_7_8_b2   21    2.06896551724137945    0.01595582943891882    0.01595582943855103    0.00000000000036780
                   dormand_prince_7_8_b2   22    2.17241379310344840    0.01297374490783113    0.01297374490751713    0.00000000000031401
                   dormand_prince_7_8_b2   23    2.27586206896551735    0.01054900076350275    0.01054900076323527    0.00000000000026748
                   dormand_prince_7_8_b2   24    2.37931034482758630    0.00857743218314787    0.00857743218292050    0.00000000000022737
                   dormand_prince_7_8_b2   25    2.48275862068965525    0.00697434235771839    0.00697434235752547    0.00000000000019292
                   dormand_prince_7_8_b2   26    2.58620689655172420    0.00567086399333253    0.00567086399316913    0.00000000000016340
                   dormand_prince_7_8_b2   27    2.68965517241379315    0.00461100083440640    0.00461100083426822    0.00000000000013817
                   dormand_prince_7_8_b2   28    2.79310344827586210    0.00374922211498888    0.00374922211487221    0.00000000000011667
                   dormand_prince_7_8_b2   29    2.89655172413793105    0.00304850659809766    0.00304850659799928    0.00000000000009838
                   dormand_prince_7_8_b2   30    3.00000000000000000    0.00247875217674921    0.00247875217666636    0.00000000000008285
