                         fehlberg_4_5_b2    1    0.00000000000000000    1.00000000000000000    1.00000000000000000    0.00000000000000000
                         fehlberg_4_5_b2    2    0.10344827586206896    0.81310369172759667    0.81310375981903771    0.00000006809144104
                         fehlberg_4_5_b2    3    0.20689655172413793    0.66113761350104649    0.66113772423185535    0.00000011073080886
                         fehlberg_4_5_b2    4    0.31034482758620691    0.53757343427767379    0.53757356933112366    0.00000013505344987
                         fehlberg_4_5_b2    5    0.41379310344827586    0.43710294398585908    0.43710309040247686    0.00000014641661777
                         fehlberg_4_5_b2    6    0.51724137931034486    0.35541001741990286    0.35541016623477462    0.00000014881487176
                         fehlberg_4_5_b2    7    0.62068965517241381    0.28898519724109245    0.28898534244340446    0.00000014520231201
                         fehlberg_4_5_b2    8    0.72413793103448276    0.23497493073135994    0.23497506847332431    0.00000013774196436
                         fehlberg_4_5_b2    9    0.82758620689655171    0.19105898364110505    0.19105911163939585    0.00000012799829080
                         fehlberg_4_5_b2   10    0.93103448275862066    0.15535076493630501    0.15535088202167802    0.00000011708537301
                         fehlberg_4_5_b2   11    1.03448275862068972    0.12631628048241567    0.12631638626303013    0.00000010578061446
                         fehlberg_4_5_b2   12    1.13793103448275867    0.10270823398555073    0.10270832859722365    0.00000009461167291
                         fehlberg_4_5_b2   13    1.24137931034482762    0.08351244422447310    0.08351252814713174    0.00000008392265864
                         fehlberg_4_5_b2   14    1.34482758620689657    0.06790427670411409    0.06790435062842604    0.00000007392431195
                         fehlberg_4_5_b2   15    1.44827586206896552    0.05521321807220740    0.05521328280404345    0.00000006473183605
                         fehlberg_4_5_b2   16    1.55172413793103448    0.04489407144667269    0.04489412783991955    0.00000005639324686
                         fehlberg_4_5_b2   17    1.65517241379310343    0.03650353522997205    0.03650358414043512    0.00000004891046307
                         fehlberg_4_5_b2   18    1.75862068965517238    0.02968115925659866    0.02968120151145839    0.00000004225485974
                         fehlberg_4_5_b2   19    1.86206896551724133    0.02413386016629510    0.02413389654491332    0.00000003637861823
                         fehlberg_4_5_b2   20    1.96551724137931028    0.01962333079685213    0.01962336201975271    0.00000003122290058
                         fehlberg_4_5_b2   21    2.06896551724137945    0.01595580271491231    0.01595582943855103    0.00000002672363872
                         fehlberg_4_5_b2   22    2.17241379310344840    0.01297372209197241    0.01297374490751713    0.00000002281554472
                         fehlberg_4_5_b2   23    2.27586206896551735    0.01054898132843064    0.01054900076323527    0.00000001943480463
                         fehlberg_4_5_b2   24    2.37931034482758630    0.00857741566211244    0.00857743218292050    0.00000001652080806
                         fehlberg_4_5_b2   25    2.48275862068965525    0.00697432834034573    0.00697434235752547    0.00000001401717974
                         fehlberg_4_5_b2   26    2.58620689655172420    0.00567085212085552    0.00567086399316913    0.00000001187231362
                         fehlberg_4_5_b2   27    2.68965517241379315    0.00461099079470889    0.00461100083426822    0.00000001003955933
                         fehlberg_4_5_b2   28    2.79310344827586210    0.00374921363769976    0.00374922211487221    0.00000000847717245
                         fehlberg_4_5_b2   29    2.89655172413793105    0.00304849944988913    0.00304850659799928    0.00000000714811015
                         fehlberg_4_5_b2   30    3.00000000000000000    0.00247874615693440    0.00247875217666636    0.00000000601973196
