                        cash_karp_5_4_b1    1    0.00000000000000000    1.00000000000000000    1.00000000000000000    0.00000000000000000
                        cash_karp_5_4_b1    2    0.10344827586206896    0.81310375206354757    0.81310375981903771    0.00000000775549014
                        cash_karp_5_4_b1    3    0.20689655172413793    0.66113771161981905    0.66113772423185535    0.00000001261203630
                        cash_karp_5_4_b1    4    0.31034482758620691    0.53757355394878259    0.53757356933112366    0.00000001538234107
                        cash_karp_5_4_b1    5    0.41379310344827586    0.43710307372589108    0.43710309040247686    0.00000001667658578
                        cash_karp_5_4_b1    6    0.51724137931034486    0.35541014928503151    0.35541016623477462    0.00000001694974311
                        cash_karp_5_4_b1    7    0.62068965517241381    0.28898532590512471    0.28898534244340446    0.00000001653827975
                        cash_karp_5_4_b1    8    0.72413793103448276    0.23497505278476405    0.23497506847332431    0.00000001568856026
                        cash_karp_5_4_b1    9    0.82758620689655171    0.19105909706062180    0.19105911163939585    0.00000001457877405
                        cash_karp_5_4_b1   10    0.93103448275862066    0.15535086868586512    0.15535088202167802    0.00000001333581290
                        cash_karp_5_4_b1   11    1.03448275862068972    0.12631637421480840    0.12631638626303013    0.00000001204822173
                        cash_karp_5_4_b1   12    1.13793103448275867    0.10270831782112387    0.10270832859722365    0.00000001077609978
                        cash_karp_5_4_b1   13    1.24137931034482762    0.08351251858849115    0.08351252814713174    0.00000000955864059
                        cash_karp_5_4_b1   14    1.34482758620689657    0.06790434220857892    0.06790435062842604    0.00000000841984711
                        cash_karp_5_4_b1   15    1.44827586206896552    0.05521327543120265    0.05521328280404345    0.00000000737284080
                        cash_karp_5_4_b1   16    1.55172413793103448    0.04489412141682897    0.04489412783991955    0.00000000642309058
                        cash_karp_5_4_b1   17    1.65517241379310343    0.03650357856962011    0.03650358414043512    0.00000000557081501
                        cash_karp_5_4_b1   18    1.75862068965517238    0.02968119669870462    0.02968120151145839    0.00000000481275377
                        cash_karp_5_4_b1   19    1.86206896551724133    0.02413389240145291    0.02413389654491332    0.00000000414346042
                        cash_karp_5_4_b1   20    1.96551724137931028    0.01962335846351930    0.01962336201975271    0.00000000355623340
                        cash_karp_5_4_b1   21    2.06896551724137945    0.01595582639477552    0.01595582943855103    0.00000000304377551
                        cash_karp_5_4_b1   22    2.17241379310344840    0.01297374230886656    0.01297374490751713    0.00000000259865057
                        cash_karp_5_4_b1   23    2.27586206896551735    0.01054899854964499    0.01054900076323527    0.00000000221359028
                        cash_karp_5_4_b1   24    2.37931034482758630    0.00857743030122927    0.00857743218292050    0.00000000188169123
                        cash_karp_5_4_b1   25    2.48275862068965525    0.00697434076099308    0.00697434235752547    0.00000000159653239
                        cash_karp_5_4_b1   26    2.58620689655172420    0.00567086264093321    0.00567086399316913    0.00000000135223592
                        cash_karp_5_4_b1   27    2.68965517241379315    0.00461099969077979    0.00461100083426822    0.00000000114348843
                        cash_karp_5_4_b1   28    2.79310344827586210    0.00374922114933691    0.00374922211487221    0.00000000096553530
                        cash_karp_5_4_b1   29    2.89655172413793105    0.00304850578384185    0.00304850659799928    0.00000000081415743
                        cash_karp_5_4_b1   30    3.00000000000000000    0.00247875149102923    0.00247875217666636    0.00000000068563713
