                 bogacki_shampine_4_5_b2    1    0.00000000000000000    1.00000000000000000    1.00000000000000000    0.00000000000000000
                 bogacki_shampine_4_5_b2    2    0.10344827586206896    0.81310377051065619    0.81310375981903771    0.00000001069161848
                 bogacki_shampine_4_5_b2    3    0.20689655172413793    0.66113774161864591    0.66113772423185535    0.00000001738679056
                 bogacki_shampine_4_5_b2    4    0.31034482758620691    0.53757359053702092    0.53757356933112366    0.00000002120589726
                 bogacki_shampine_4_5_b2    5    0.41379310344827586    0.43710311339260333    0.43710309040247686    0.00000002299012647
                 bogacki_shampine_4_5_b2    6    0.51724137931034486    0.35541018960147264    0.35541016623477462    0.00000002336669802
                 bogacki_shampine_4_5_b2    7    0.62068965517241381    0.28898536524286461    0.28898534244340446    0.00000002279946015
                 bogacki_shampine_4_5_b2    8    0.72413793103448276    0.23497509010137235    0.23497506847332431    0.00000002162804805
                 bogacki_shampine_4_5_b2    9    0.82758620689655171    0.19105913173750702    0.19105911163939585    0.00000002009811118
                 bogacki_shampine_4_5_b2   10    0.93103448275862066    0.15535090040625915    0.15535088202167802    0.00000001838458114
                 bogacki_shampine_4_5_b2   11    1.03448275862068972    0.12631640287255474    0.12631638626303013    0.00000001660952462
                 bogacki_shampine_4_5_b2   12    1.13793103448275867    0.10270834345301734    0.10270832859722365    0.00000001485579369
                 bogacki_shampine_4_5_b2   13    1.24137931034482762    0.08351254132455187    0.08351252814713174    0.00000001317742013
                 bogacki_shampine_4_5_b2   14    1.34482758620689657    0.06790436223592011    0.06790435062842604    0.00000001160749408
                 bogacki_shampine_4_5_b2   15    1.44827586206896552    0.05521329296814806    0.05521328280404345    0.00000001016410461
                 bogacki_shampine_4_5_b2   16    1.55172413793103448    0.04489413669471069    0.04489412783991955    0.00000000885479114
                 bogacki_shampine_4_5_b2   17    1.65517241379310343    0.03650359182029007    0.03650358414043512    0.00000000767985495
                 bogacki_shampine_4_5_b2   18    1.75862068965517238    0.02968120814625980    0.02968120151145839    0.00000000663480141
                 bogacki_shampine_4_5_b2   19    1.86206896551724133    0.02413390225703545    0.02413389654491332    0.00000000571212213
                 bogacki_shampine_4_5_b2   20    1.96551724137931028    0.01962336692233116    0.01962336201975271    0.00000000490257845
                 bogacki_shampine_4_5_b2   21    2.06896551724137945    0.01595583363466156    0.01595582943855103    0.00000000419611053
                 bogacki_shampine_4_5_b2   22    2.17241379310344840    0.01297374848998406    0.01297374490751713    0.00000000358246693
                 bogacki_shampine_4_5_b2   23    2.27586206896551735    0.01054900381486297    0.01054900076323527    0.00000000305162770
                 bogacki_shampine_4_5_b2   24    2.37931034482758630    0.00857743477699638    0.00857743218292050    0.00000000259407588
                 bogacki_shampine_4_5_b2   25    2.48275862068965525    0.00697434455848499    0.00697434235752547    0.00000000220095951
                 bogacki_shampine_4_5_b2   26    2.58620689655172420    0.00567086585734462    0.00567086399316913    0.00000000186417549
                 bogacki_shampine_4_5_b2   27    2.68965517241379315    0.00461100241066706    0.00461100083426822    0.00000000157639883
                 bogacki_shampine_4_5_b2   28    2.79310344827586210    0.00374922344594711    0.00374922211487221    0.00000000133107490
                 bogacki_shampine_4_5_b2   29    2.89655172413793105    0.00304850772038655    0.00304850659799928    0.00000000112238727
                 bogacki_shampine_4_5_b2   30    3.00000000000000000    0.00247875312187715    0.00247875217666636    0.00000000094521079
