               sofroniou_spaletta_4_3_b2    1    0.00000000000000000    1.00000000000000000    1.00000000000000000    0.00000000000000000
               sofroniou_spaletta_4_3_b2    2    0.10344827586206896    0.81307998301017559    0.81310375981903771    0.00002377680886212
               sofroniou_spaletta_4_3_b2    3    0.20689655172413793    0.66109905877182740    0.66113772423185535    0.00003866546002795
               sofroniou_spaletta_4_3_b2    4    0.31034482758620691    0.53752641147424052    0.53757356933112366    0.00004715785688314
               sofroniou_spaletta_4_3_b2    5    0.41379310344827586    0.43705196550899611    0.43710309040247686    0.00005112489348075
               sofroniou_spaletta_4_3_b2    6    0.51724137931034486    0.35535820469061841    0.35541016623477462    0.00005196154415621
               sofroniou_spaletta_4_3_b2    7    0.62068965517241381    0.28893464303237448    0.28898534244340446    0.00005069941102998
               sofroniou_spaletta_4_3_b2    8    0.72413793103448276    0.23492697464781420    0.23497506847332431    0.00004809382551010
               sofroniou_spaletta_4_3_b2    9    0.82758620689655171    0.19101442055527673    0.19105911163939585    0.00004469108411911
               sofroniou_spaletta_4_3_b2   10    0.93103448275862066    0.15531000181978294    0.15535088202167802    0.00004088020189508
               sofroniou_spaletta_4_3_b2   11    1.03448275862068972    0.12627945364093945    0.12631638626303013    0.00003693262209067
               sofroniou_spaletta_4_3_b2   12    1.13793103448275867    0.10267529602090930    0.10270832859722365    0.00003303257631435
               sofroniou_spaletta_4_3_b2   13    1.24137931034482762    0.08348322794424567    0.08351252814713174    0.00002930020288607
               sofroniou_spaletta_4_3_b2   14    1.34482758620689657    0.06787854155854189    0.06790435062842604    0.00002580906988414
               sofroniou_spaletta_4_3_b2   15    1.44827586206896552    0.05519068341717474    0.05521328280404345    0.00002259938686871
               sofroniou_spaletta_4_3_b2   16    1.55172413793103448    0.04487443993515641    0.04489412783991955    0.00001968790476314
               sofroniou_spaletta_4_3_b2   17    1.65517241379310343    0.03648650886006812    0.03650358414043512    0.00001707528036700
               sofroniou_spaletta_4_3_b2   18    1.75862068965517238    0.02966645000404481    0.02968120151145839    0.00001475150741358
               sofroniou_spaletta_4_3_b2   19    1.86206896551724133    0.02412119666526098    0.02413389654491332    0.00001269987965235
               sofroniou_spaletta_4_3_b2   20    1.96551724137931028    0.01961246217477550    0.01962336201975271    0.00001089984497721
               sofroniou_spaletta_4_3_b2   21    2.06896551724137945    0.01594650041185417    0.01595582943855103    0.00000932902669686
               sofroniou_spaletta_4_3_b2   22    2.17241379310344840    0.01296578028394215    0.01297374490751713    0.00000796462357498
               sofroniou_spaletta_4_3_b2   23    2.27586206896551735    0.01054221641298135    0.01054900076323527    0.00000678435025392
               sofroniou_spaletta_4_3_b2   24    2.37931034482758630    0.00857166514195647    0.00857743218292050    0.00000576704096403
               sofroniou_spaletta_4_3_b2   25    2.48275862068965525    0.00696944934799088    0.00697434235752547    0.00000489300953459
               sofroniou_spaletta_4_3_b2   26    2.58620689655172420    0.00566671975745470    0.00567086399316913    0.00000414423571443
               sofroniou_spaletta_4_3_b2   27    2.68965517241379315    0.00460749640411470    0.00461100083426822    0.00000350443015353
               sofroniou_spaletta_4_3_b2   28    2.79310344827586210    0.00374626309797702    0.00374922211487221    0.00000295901689519
               sofroniou_spaletta_4_3_b2   29    2.89655172413793105    0.00304601153605481    0.00304850659799928    0.00000249506194447
               sofroniou_spaletta_4_3_b2   30    3.00000000000000000    0.00247665100798424    0.00247875217666636    0.00000210116868212
