                         fehlberg_7_8_b2    1    0.00000000000000000    1.00000000000000000    1.00000000000000000    0.00000000000000000
                         fehlberg_7_8_b2    2    0.10344827586206896    0.81310375981931593    0.81310375981903771    0.00000000000027822
                         fehlberg_7_8_b2    3    0.20689655172413793    0.66113772423230777    0.66113772423185535    0.00000000000045242
                         fehlberg_7_8_b2    4    0.31034482758620691    0.53757356933167555    0.53757356933112366    0.00000000000055189
                         fehlberg_7_8_b2    5    0.41379310344827586    0.43710309040307510    0.43710309040247686    0.00000000000059824
                         fehlberg_7_8_b2    6    0.51724137931034486    0.35541016623538274    0.35541016623477462    0.00000000000060812
                         fehlberg_7_8_b2    7    0.62068965517241381    0.28898534244399782    0.28898534244340446    0.00000000000059336
                         fehlberg_7_8_b2    8    0.72413793103448276    0.23497506847388719    0.23497506847332431    0.00000000000056288
                         fehlberg_7_8_b2    9    0.82758620689655171    0.19105911163991890    0.19105911163939585    0.00000000000052305
                         fehlberg_7_8_b2   10    0.93103448275862066    0.15535088202215649    0.15535088202167802    0.00000000000047848
                         fehlberg_7_8_b2   11    1.03448275862068972    0.12631638626346242    0.12631638626303013    0.00000000000043229
                         fehlberg_7_8_b2   12    1.13793103448275867    0.10270832859761030    0.10270832859722365    0.00000000000038665
                         fehlberg_7_8_b2   13    1.24137931034482762    0.08351252814747470    0.08351252814713174    0.00000000000034296
                         fehlberg_7_8_b2   14    1.34482758620689657    0.06790435062872814    0.06790435062842604    0.00000000000030211
                         fehlberg_7_8_b2   15    1.44827586206896552    0.05521328280430798    0.05521328280404345    0.00000000000026453
                         fehlberg_7_8_b2   16    1.55172413793103448    0.04489412784015001    0.04489412783991955    0.00000000000023046
                         fehlberg_7_8_b2   17    1.65517241379310343    0.03650358414063500    0.03650358414043512    0.00000000000019988
                         fehlberg_7_8_b2   18    1.75862068965517238    0.02968120151163108    0.02968120151145839    0.00000000000017268
                         fehlberg_7_8_b2   19    1.86206896551724133    0.02413389654506199    0.02413389654491332    0.00000000000014867
                         fehlberg_7_8_b2   20    1.96551724137931028    0.01962336201988030    0.01962336201975271    0.00000000000012760
                         fehlberg_7_8_b2   21    2.06896551724137945    0.01595582943866024    0.01595582943855103    0.00000000000010921
                         fehlberg_7_8_b2   22    2.17241379310344840    0.01297374490761037    0.01297374490751713    0.00000000000009324
                         fehlberg_7_8_b2   23    2.27586206896551735    0.01054900076331469    0.01054900076323527    0.00000000000007942
                         fehlberg_7_8_b2   24    2.37931034482758630    0.00857743218298801    0.00857743218292050    0.00000000000006752
                         fehlberg_7_8_b2   25    2.48275862068965525    0.00697434235758275    0.00697434235752547    0.00000000000005728
                         fehlberg_7_8_b2   26    2.58620689655172420    0.00567086399321765    0.00567086399316913    0.00000000000004852
                         fehlberg_7_8_b2   27    2.68965517241379315    0.00461100083430925    0.00461100083426822    0.00000000000004103
                         fehlberg_7_8_b2   28    2.79310344827586210    0.00374922211490686    0.00374922211487221    0.00000000000003464
                         fehlberg_7_8_b2   29    2.89655172413793105    0.00304850659802849    0.00304850659799928    0.00000000000002921
                         fehlberg_7_8_b2   30    3.00000000000000000    0.00247875217669096    0.00247875217666636    0.00000000000002460
