                   dormand_prince_7_8_b1    1    0.00000000000000000    1.00000000000000000    1.00000000000000000    0.00000000000000000
                   dormand_prince_7_8_b1    2    0.10344827586206896    0.81310375981903538    0.81310375981903771    0.00000000000000233
                   dormand_prince_7_8_b1    3    0.20689655172413793    0.66113772423185169    0.66113772423185535    0.00000000000000366
                   dormand_prince_7_8_b1    4    0.31034482758620691    0.53757356933111922    0.53757356933112366    0.00000000000000444
                   dormand_prince_7_8_b1    5    0.41379310344827586    0.43710309040247197    0.43710309040247686    0.00000000000000488
                   dormand_prince_7_8_b1    6    0.51724137931034486    0.35541016623476973    0.35541016623477462    0.00000000000000488
                   dormand_prince_7_8_b1    7    0.62068965517241381    0.28898534244339968    0.28898534244340446    0.00000000000000477
                   dormand_prince_7_8_b1    8    0.72413793103448276    0.23497506847331975    0.23497506847332431    0.00000000000000455
                   dormand_prince_7_8_b1    9    0.82758620689655171    0.19105911163939160    0.19105911163939585    0.00000000000000425
                   dormand_prince_7_8_b1   10    0.93103448275862066    0.15535088202167413    0.15535088202167802    0.00000000000000389
                   dormand_prince_7_8_b1   11    1.03448275862068972    0.12631638626302663    0.12631638626303013    0.00000000000000350
                   dormand_prince_7_8_b1   12    1.13793103448275867    0.10270832859722052    0.10270832859722365    0.00000000000000312
                   dormand_prince_7_8_b1   13    1.24137931034482762    0.08351252814712898    0.08351252814713174    0.00000000000000276
                   dormand_prince_7_8_b1   14    1.34482758620689657    0.06790435062842359    0.06790435062842604    0.00000000000000244
                   dormand_prince_7_8_b1   15    1.44827586206896552    0.05521328280404131    0.05521328280404345    0.00000000000000214
                   dormand_prince_7_8_b1   16    1.55172413793103448    0.04489412783991768    0.04489412783991955    0.00000000000000187
                   dormand_prince_7_8_b1   17    1.65517241379310343    0.03650358414043350    0.03650358414043512    0.00000000000000162
                   dormand_prince_7_8_b1   18    1.75862068965517238    0.02968120151145700    0.02968120151145839    0.00000000000000140
                   dormand_prince_7_8_b1   19    1.86206896551724133    0.02413389654491212    0.02413389654491332    0.00000000000000120
                   dormand_prince_7_8_b1   20    1.96551724137931028    0.01962336201975168    0.01962336201975271    0.00000000000000103
                   dormand_prince_7_8_b1   21    2.06896551724137945    0.01595582943855015    0.01595582943855103    0.00000000000000087
                   dormand_prince_7_8_b1   22    2.17241379310344840    0.01297374490751638    0.01297374490751713    0.00000000000000075
                   dormand_prince_7_8_b1   23    2.27586206896551735    0.01054900076323463    0.01054900076323527    0.00000000000000064
                   dormand_prince_7_8_b1   24    2.37931034482758630    0.00857743218291995    0.00857743218292050    0.00000000000000054
                   dormand_prince_7_8_b1   25    2.48275862068965525    0.00697434235752501    0.00697434235752547    0.00000000000000046
                   dormand_prince_7_8_b1   26    2.58620689655172420    0.00567086399316874    0.00567086399316913    0.00000000000000039
                   dormand_prince_7_8_b1   27    2.68965517241379315    0.00461100083426789    0.00461100083426822    0.00000000000000033
                   dormand_prince_7_8_b1   28    2.79310344827586210    0.00374922211487193    0.00374922211487221    0.00000000000000028
                   dormand_prince_7_8_b1   29    2.89655172413793105    0.00304850659799904    0.00304850659799928    0.00000000000000024
                   dormand_prince_7_8_b1   30    3.00000000000000000    0.00247875217666616    0.00247875217666636    0.00000000000000020
