                       heun_euler_2_1_b1    1    0.00000000000000000    1.00000000000000000    1.00000000000000000    0.00000000000000000
                       heun_euler_2_1_b1    2    0.10344827586206896    0.81450653983353150    0.81310375981903771    0.00140278001449379
                       heun_euler_2_1_b1    3    0.20689655172413793    0.66342090343159221    0.66113772423185535    0.00228317919973686
                       heun_euler_2_1_b1    4    0.31034482758620691    0.54036066450730158    0.53757356933112366    0.00278709517617792
                       heun_euler_2_1_b1    5    0.41379310344827586    0.44012729510998999    0.43710309040247686    0.00302420470751313
                       heun_euler_2_1_b1    6    0.51724137931034486    0.35848656022632952    0.35541016623477462    0.00307639399155490
                       heun_euler_2_1_b1    7    0.62068965517241381    0.29198964774677255    0.28898534244340446    0.00300430530336809
                       heun_euler_2_1_b1    8    0.72413793103448276    0.23782747765343543    0.23497506847332431    0.00285240918011112
                       heun_euler_2_1_b1    9    0.82758620689655171    0.19371203590083624    0.19105911163939585    0.00265292426144040
                       heun_euler_2_1_b1   10    0.93103448275862066    0.15777972008569896    0.15535088202167802    0.00242883806402094
                       heun_euler_2_1_b1   11    1.03448275862068972    0.12851261386290580    0.12631638626303013    0.00219622759987567
                       heun_euler_2_1_b1   12    1.13793103448275867    0.10467436444243813    0.10270832859722365    0.00196603584521449
                       heun_euler_2_1_b1   13    1.24137931034482762    0.08525795439128434    0.08351252814713174    0.00174542624415260
                       heun_euler_2_1_b1   14    1.34482758620689657    0.06944316142453005    0.06790435062842604    0.00153881079610402
                       heun_euler_2_1_b1   15    1.44827586206896552    0.05656190912699535    0.05521328280404345    0.00134862632295189
                       heun_euler_2_1_b1   16    1.55172413793103448    0.04607004488940762    0.04489412783991955    0.00117591704948807
                       heun_euler_2_1_b1   17    1.65517241379310343    0.03752435285284687    0.03650358414043512    0.00102076871241175
                       heun_euler_2_1_b1   18    1.75862068965517238    0.03056383080166481    0.02968120151145839    0.00088262929020642
                       heun_euler_2_1_b1   19    1.86206896551724133    0.02489444007032152    0.02413389654491332    0.00076054352540820
                       heun_euler_2_1_b1   20    1.96551724137931028    0.02027668424277080    0.01962336201975271    0.00065332222301809
                       heun_euler_2_1_b1   21    2.06896551724137945    0.01651549192187634    0.01595582943855103    0.00055966248332531
                       heun_euler_2_1_b1   22    2.17241379310344840    0.01345197617893614    0.01297374490751713    0.00047823127141901
                       heun_euler_2_1_b1   23    2.27586206896551735    0.01095672257142836    0.01054900076323527    0.00040772180819309
                       heun_euler_2_1_b1   24    2.37931034482758630    0.00892432218957007    0.00857743218292050    0.00034689000664957
                       heun_euler_2_1_b1   25    2.48275862068965525    0.00726891878698632    0.00697434235752547    0.00029457642946085
                       heun_euler_2_1_b1   26    2.58620689655172420    0.00592058188951918    0.00567086399316913    0.00024971789635005
                       heun_euler_2_1_b1   27    2.68965517241379315    0.00482235266863334    0.00461100083426822    0.00021135183436512
                       heun_euler_2_1_b1   28    2.79310344827586210    0.00392783778598554    0.00374922211487221    0.00017861567111333
                       heun_euler_2_1_b1   29    2.89655172413793105    0.00319924956409048    0.00304850659799928    0.00015074296609120
                       heun_euler_2_1_b1   30    3.00000000000000000    0.00260580969251127    0.00247875217666636    0.00012705751584491
