                         fehlberg_4_5_b1    1    0.00000000000000000    1.00000000000000000    1.00000000000000000    0.00000000000000000
                         fehlberg_4_5_b1    2    0.10344827586206896    0.81310316797802162    0.81310375981903771    0.00000059184101608
                         fehlberg_4_5_b1    3    0.20689655172413793    0.66113676177589487    0.66113772423185535    0.00000096245596048
                         fehlberg_4_5_b1    4    0.31034482758620691    0.53757239546671065    0.53757356933112366    0.00000117386441301
                         fehlberg_4_5_b1    5    0.41379310344827586    0.43710181777151630    0.43710309040247686    0.00000127263096056
                         fehlberg_4_5_b1    6    0.51724137931034486    0.35540887275897182    0.35541016623477462    0.00000129347580280
                         fehlberg_4_5_b1    7    0.62068965517241381    0.28898408036781759    0.28898534244340446    0.00000126207558687
                         fehlberg_4_5_b1    8    0.72413793103448276    0.23497387124228769    0.23497506847332431    0.00000119723103661
                         fehlberg_4_5_b1    9    0.82758620689655171    0.19105799909916388    0.19105911163939585    0.00000111254023197
                         fehlberg_4_5_b1   10    0.93103448275862066    0.15534986433507217    0.15535088202167802    0.00000101768660585
                         fehlberg_4_5_b1   11    1.03448275862068972    0.12631546683580305    0.12631638626303013    0.00000091942722708
                         fehlberg_4_5_b1   12    1.13793103448275867    0.10270750624881420    0.10270832859722365    0.00000082234840945
                         fehlberg_4_5_b1   13    1.24137931034482762    0.08351179870603329    0.08351252814713174    0.00000072944109845
                         fehlberg_4_5_b1   14    1.34482758620689657    0.06790370809141852    0.06790435062842604    0.00000064253700752
                         fehlberg_4_5_b1   15    1.44827586206896552    0.05521272016658722    0.05521328280404345    0.00000056263745623
                         fehlberg_4_5_b1   16    1.55172413793103448    0.04489363768013607    0.04489412783991955    0.00000049015978348
                         fehlberg_4_5_b1   17    1.65517241379310343    0.03650315901977612    0.03650358414043512    0.00000042512065900
                         fehlberg_4_5_b1   18    1.75862068965517238    0.02968083424018546    0.02968120151145839    0.00000036727127294
                         fehlberg_4_5_b1   19    1.86206896551724133    0.02413358034892533    0.02413389654491332    0.00000031619598799
                         fehlberg_4_5_b1   20    1.96551724137931028    0.01962309063636332    0.01962336201975271    0.00000027138338939
                         fehlberg_4_5_b1   21    2.06896551724137945    0.01595559716194687    0.01595582943855103    0.00000023227660416
                         fehlberg_4_5_b1   22    2.17241379310344840    0.01297354659936013    0.01297374490751713    0.00000019830815700
                         fehlberg_4_5_b1   23    2.27586206896551735    0.01054883183985021    0.01054900076323527    0.00000016892338506
                         fehlberg_4_5_b1   24    2.37931034482758630    0.00857728858744963    0.00857743218292050    0.00000014359547087
                         fehlberg_4_5_b1   25    2.48275862068965525    0.00697422052311702    0.00697434235752547    0.00000012183440845
                         fehlberg_4_5_b1   26    2.58620689655172420    0.00567076080152379    0.00567086399316913    0.00000010319164534
                         fehlberg_4_5_b1   27    2.68965517241379315    0.00461091357256458    0.00461100083426822    0.00000008726170365
                         fehlberg_4_5_b1   28    2.79310344827586210    0.00374914843312512    0.00374922211487221    0.00000007368174710
                         fehlberg_4_5_b1   29    2.89655172413793105    0.00304844446819387    0.00304850659799928    0.00000006212980541
                         fehlberg_4_5_b1   30    3.00000000000000000    0.00247869985449351    0.00247875217666636    0.00000005232217285
