                         fehlberg_7_8_b1    1    0.00000000000000000    1.00000000000000000    1.00000000000000000    0.00000000000000000
                         fehlberg_7_8_b1    2    0.10344827586206896    0.81310375981378380    0.81310375981903771    0.00000000000525391
                         fehlberg_7_8_b1    3    0.20689655172413793    0.66113772422331141    0.66113772423185535    0.00000000000854394
                         fehlberg_7_8_b1    4    0.31034482758620691    0.53757356932070299    0.53757356933112366    0.00000000001042066
                         fehlberg_7_8_b1    5    0.41379310344827586    0.43710309039117934    0.43710309040247686    0.00000000001129752
                         fehlberg_7_8_b1    6    0.51724137931034486    0.35541016622329213    0.35541016623477462    0.00000000001148248
                         fehlberg_7_8_b1    7    0.62068965517241381    0.28898534243220070    0.28898534244340446    0.00000000001120376
                         fehlberg_7_8_b1    8    0.72413793103448276    0.23497506846269617    0.23497506847332431    0.00000000001062814
                         fehlberg_7_8_b1    9    0.82758620689655171    0.19105911162951950    0.19105911163939585    0.00000000000987635
                         fehlberg_7_8_b1   10    0.93103448275862066    0.15535088201264374    0.15535088202167802    0.00000000000903427
                         fehlberg_7_8_b1   11    1.03448275862068972    0.12631638625486813    0.12631638626303013    0.00000000000816200
                         fehlberg_7_8_b1   12    1.13793103448275867    0.10270832858992343    0.10270832859722365    0.00000000000730022
                         fehlberg_7_8_b1   13    1.24137931034482762    0.08351252814065628    0.08351252814713174    0.00000000000647546
                         fehlberg_7_8_b1   14    1.34482758620689657    0.06790435062272204    0.06790435062842604    0.00000000000570399
                         fehlberg_7_8_b1   15    1.44827586206896552    0.05521328279904875    0.05521328280404345    0.00000000000499471
                         fehlberg_7_8_b1   16    1.55172413793103448    0.04489412783556825    0.04489412783991955    0.00000000000435130
                         fehlberg_7_8_b1   17    1.65517241379310343    0.03650358413666119    0.03650358414043512    0.00000000000377393
                         fehlberg_7_8_b1   18    1.75862068965517238    0.02968120150819801    0.02968120151145839    0.00000000000326038
                         fehlberg_7_8_b1   19    1.86206896551724133    0.02413389654210635    0.02413389654491332    0.00000000000280697
                         fehlberg_7_8_b1   20    1.96551724137931028    0.01962336201734356    0.01962336201975271    0.00000000000240915
                         fehlberg_7_8_b1   21    2.06896551724137945    0.01595582943648904    0.01595582943855103    0.00000000000206198
                         fehlberg_7_8_b1   22    2.17241379310344840    0.01297374490575669    0.01297374490751713    0.00000000000176044
                         fehlberg_7_8_b1   23    2.27586206896551735    0.01054900076173569    0.01054900076323527    0.00000000000149958
                         fehlberg_7_8_b1   24    2.37931034482758630    0.00857743218164576    0.00857743218292050    0.00000000000127474
                         fehlberg_7_8_b1   25    2.48275862068965525    0.00697434235644391    0.00697434235752547    0.00000000000108156
                         fehlberg_7_8_b1   26    2.58620689655172420    0.00567086399225307    0.00567086399316913    0.00000000000091606
                         fehlberg_7_8_b1   27    2.68965517241379315    0.00461100083349357    0.00461100083426822    0.00000000000077465
                         fehlberg_7_8_b1   28    2.79310344827586210    0.00374922211421811    0.00374922211487221    0.00000000000065410
                         fehlberg_7_8_b1   29    2.89655172413793105    0.00304850659744773    0.00304850659799928    0.00000000000055155
                         fehlberg_7_8_b1   30    3.00000000000000000    0.00247875217620188    0.00247875217666636    0.00000000000046448
