                 bogacki_shampine_3_2_b2    1    0.00000000000000000    1.00000000000000000    1.00000000000000000    0.00000000000000000
                 bogacki_shampine_3_2_b2    2    0.10344827586206896    0.81288412950439781    0.81310375981903771    0.00021963031463990
                 bogacki_shampine_3_2_b2    3    0.20689655172413793    0.66078060800012262    0.66113772423185535    0.00035711623173273
                 bogacki_shampine_3_2_b2    4    0.31034482758620691    0.53713806932756647    0.53757356933112366    0.00043550000355719
                 bogacki_shampine_3_2_b2    5    0.41379310344827586    0.43663101190901177    0.43710309040247686    0.00047207849346509
                 bogacki_shampine_3_2_b2    6    0.51724137931034486    0.35493042003028141    0.35541016623477462    0.00047974620449320
                 bogacki_shampine_3_2_b2    7    0.62068965517241381    0.28851730552094557    0.28898534244340446    0.00046803692245889
                 bogacki_shampine_3_2_b2    8    0.72413793103448276    0.23453113874534823    0.23497506847332431    0.00044392972797608
                 bogacki_shampine_3_2_b2    9    0.82758620689655171    0.19064664056068753    0.19105911163939585    0.00041247107870832
                 bogacki_shampine_3_2_b2   10    0.93103448275862066    0.15497362845511231    0.15535088202167802    0.00037725356656571
                 bogacki_shampine_3_2_b2   11    1.03448275862068972    0.12597560306287195    0.12631638626303013    0.00034078320015818
                 bogacki_shampine_3_2_b2   12    1.13793103448275867    0.10240356843455421    0.10270832859722365    0.00030476016266943
                 bogacki_shampine_3_2_b2   13    1.24137931034482762    0.08324223558506663    0.08351252814713174    0.00027029256206511
                 bogacki_shampine_3_2_b2   14    1.34482758620689657    0.06766629221156689    0.06790435062842604    0.00023805841685914
                 bogacki_shampine_3_2_b2   15    1.44827586206896552    0.05500485504118977    0.05521328280404345    0.00020842776285369
                 bogacki_shampine_3_2_b2   16    1.55172413793103448    0.04471257370867313    0.04489412783991955    0.00018155413124642
                 bogacki_shampine_3_2_b2   17    1.65517241379310343    0.03634614155707598    0.03650358414043512    0.00015744258335914
                 bogacki_shampine_3_2_b2   18    1.75862068965517238    0.02954520164046733    0.02968120151145839    0.00013599987099107
                 bogacki_shampine_3_2_b2   19    1.86206896551724133    0.02401682551654319    0.02413389654491332    0.00011707102837013
                 bogacki_shampine_3_2_b2   20    1.96551724137931028    0.01952289630347422    0.01962336201975271    0.00010046571627849
                 bogacki_shampine_3_2_b2   21    2.06896551724137945    0.01586985256705427    0.01595582943855103    0.00008597687149676
                 bogacki_shampine_3_2_b2   22    2.17241379310344840    0.01290035128933304    0.01297374490751713    0.00007339361818409
                 bogacki_shampine_3_2_b2   23    2.27586206896551735    0.01048649082813042    0.01054900076323527    0.00006250993510484
                 bogacki_shampine_3_2_b2   24    2.37931034482758630    0.00852430196838065    0.00857743218292050    0.00005313021453984
                 bogacki_shampine_3_2_b2   25    2.48275862068965525    0.00692926978519973    0.00697434235752547    0.00004507257232574
                 bogacki_shampine_3_2_b2   26    2.58620689655172420    0.00563269343744321    0.00567086399316913    0.00003817055572592
                 bogacki_shampine_3_2_b2   27    2.68965517241379315    0.00457872710166116    0.00461100083426822    0.00003227373260707
                 bogacki_shampine_3_2_b2   28    2.79310344827586210    0.00372197459427203    0.00374922211487221    0.00002724752060019
                 bogacki_shampine_3_2_b2   29    2.89655172413793105    0.00302553407810230    0.00304850659799928    0.00002297251989698
                 bogacki_shampine_3_2_b2   30    3.00000000000000000    0.00245940863536408    0.00247875217666636    0.00001934354130228
