                   dormand_prince_5_4_b1    1    0.00000000000000000    1.00000000000000000    1.00000000000000000    0.00000000000000000
                   dormand_prince_5_4_b1    2    0.10344827586206896    0.81310378474552114    0.81310375981903771    0.00000002492648343
                   dormand_prince_5_4_b1    3    0.20689655172413793    0.66113776476749075    0.66113772423185535    0.00000004053563540
                   dormand_prince_5_4_b1    4    0.31034482758620691    0.53757361877064080    0.53757356933112366    0.00000004943951715
                   dormand_prince_5_4_b1    5    0.41379310344827586    0.43710314400175393    0.43710309040247686    0.00000005359927707
                   dormand_prince_5_4_b1    6    0.51724137931034486    0.35541022071199263    0.35541016623477462    0.00000005447721801
                   dormand_prince_5_4_b1    7    0.62068965517241381    0.28898539559816216    0.28898534244340446    0.00000005315475771
                   dormand_prince_5_4_b1    8    0.72413793103448276    0.23497511889704731    0.23497506847332431    0.00000005042372300
                   dormand_prince_5_4_b1    9    0.82758620689655171    0.19105915849621799    0.19105911163939585    0.00000004685682214
                   dormand_prince_5_4_b1   10    0.93103448275862066    0.15535092488356922    0.15535088202167802    0.00000004286189120
                   dormand_prince_5_4_b1   11    1.03448275862068972    0.12631642498654730    0.12631638626303013    0.00000003872351717
                   dormand_prince_5_4_b1   12    1.13793103448275867    0.10270836323208532    0.10270832859722365    0.00000003463486167
                   dormand_prince_5_4_b1   13    1.24137931034482762    0.08351255886902628    0.08351252814713174    0.00000003072189454
                   dormand_prince_5_4_b1   14    1.34482758620689657    0.06790437769018841    0.06790435062842604    0.00000002706176237
                   dormand_prince_5_4_b1   15    1.44827586206896552    0.05521330650068152    0.05521328280404345    0.00000002369663807
                   dormand_prince_5_4_b1   16    1.55172413793103448    0.04489414848401863    0.04489412783991955    0.00000002064409908
                   dormand_prince_5_4_b1   17    1.65517241379310343    0.03650360204528294    0.03650358414043512    0.00000001790484782
                   dormand_prince_5_4_b1   18    1.75862068965517238    0.02968121697986391    0.02968120151145839    0.00000001546840551
                   dormand_prince_5_4_b1   19    1.86206896551724133    0.02413390986218037    0.02413389654491332    0.00000001331726704
                   dormand_prince_5_4_b1   20    1.96551724137931028    0.01962337344964611    0.01962336201975271    0.00000001142989341
                   dormand_prince_5_4_b1   21    2.06896551724137945    0.01595583922138203    0.01595582943855103    0.00000000978283100
                   dormand_prince_5_4_b1   22    2.17241379310344840    0.01297375325969675    0.01297374490751713    0.00000000835217963
                   dormand_prince_5_4_b1   23    2.27586206896551735    0.01054900787781397    0.01054900076323527    0.00000000711457870
                   dormand_prince_5_4_b1   24    2.37931034482758630    0.00857743823076086    0.00857743218292050    0.00000000604784036
                   dormand_prince_5_4_b1   25    2.48275862068965525    0.00697434748885258    0.00697434235752547    0.00000000513132711
                   dormand_prince_5_4_b1   26    2.58620689655172420    0.00567086833931646    0.00567086399316913    0.00000000434614732
                   dormand_prince_5_4_b1   27    2.68965517241379315    0.00461100450949176    0.00461100083426822    0.00000000367522353
                   dormand_prince_5_4_b1   28    2.79310344827586210    0.00374922521814641    0.00374922211487221    0.00000000310327420
                   dormand_prince_5_4_b1   29    2.89655172413793105    0.00304850921473820    0.00304850659799928    0.00000000261673892
                   dormand_prince_5_4_b1   30    3.00000000000000000    0.00247875438033523    0.00247875217666636    0.00000000220366887
