i,t,y1,y2,dy1,dy2
1,.00000,1.00000,1.00000,1.00000,-1.00000
2,.01000,1.01005,.99005,1.01005,-.99005
3,.02000,1.02020,.98020,1.02020,-.98020
4,.03000,1.03045,.97045,1.03045,-.97045
