                             i                              t                             y1                             y2                            dy1                            dy2
                             1        0.000000000000000E+0000        0.100000000000000E+0001        0.100000000000000E+0001        0.100000000000000E+0001       -0.100000000000000E+0001
                             2        0.100000000000000E-0001        0.101005016708333E+0001        0.990049833750000E+0000        0.101005016708333E+0001       -0.990049833750000E+0000
                             3        0.200000000000000E-0001        0.102020134002507E+0001        0.980198673308403E+0000        0.102020134002507E+0001       -0.980198673308403E+0000
                             4        0.300000000000000E-0001        0.103045453395096E+0001        0.970445533550955E+0000        0.103045453395096E+0001       -0.970445533550955E+0000
