          ISTATS Contents
                                       Computed solution points: istats(01):                         4
                     step_one call count not caused by an event: istats(02):                         3
