     Solution Analysis   
                 size 1:                              5
                 size 2:                              4
                  Max y:        0.103045453395096E+0001       0.100000000000000E+0001
                  Min y:        0.100000000000000E+0001       0.970445533550955E+0000
                 Max dy:        0.103045453395096E+0001      -0.970445533550955E+0000
                 Min dy:        0.100000000000000E+0001      -0.100000000000000E+0001
                  Max t:        0.300000000000000E-0001
                  Min t:        0.000000000000000E+0000
            Max delta t:        0.100000000000000E-0001
            Min delta t:        0.100000000000000E-0001
            Max delta y:        0.102531939258925E-0001       0.995016625000000E-0002
            Min delta y:        0.100501670833333E-0001       0.975313975744807E-0002
        Max delta y len:        0.141510324997957E-0001
        Min delta y len:        0.141425481015818E-0001
