i,t,y1,y2,dy1,dy2
1,.000000000000000,1.000000000000000,1.000000000000000,1.000000000000000,-1.000000000000000
2,.010000000000000,1.010050167083333,.990049833750000,1.010050167083333,-.990049833750000
3,.020000000000000,1.020201340025070,.980198673308403,1.020201340025070,-.980198673308403
4,.030000000000000,1.030454533950962,.970445533550955,1.030454533950962,-.970445533550955
