i,t,y1,y2,dy1,dy2
1,0.000000000000000E+00,0.100000000000000E+01,0.100000000000000E+01,0.100000000000000E+01,-0.100000000000000E+01
2,0.100000000000000E-01,0.101005016708333E+01,0.990049833750000E+00,0.101005016708333E+01,-0.990049833750000E+00
3,0.200000000000000E-01,0.102020134002507E+01,0.980198673308403E+00,0.102020134002507E+01,-0.980198673308403E+00
4,0.300000000000000E-01,0.103045453395096E+01,0.970445533550955E+00,0.103045453395096E+01,-0.970445533550955E+00
