     Solution Analysis   
                 size 1:                         5
                 size 2:                         4
                  Max y:     0.103045453395096E+01    0.100000000000000E+01
                  Min y:     0.100000000000000E+01    0.970445533550955E+00
                 Max dy:     0.103045453395096E+01   -0.970445533550955E+00
                 Min dy:     0.100000000000000E+01   -0.100000000000000E+01
                  Max t:     0.300000000000000E-01
                  Min t:     0.000000000000000E+00
            Max delta t:     0.100000000000000E-01
            Min delta t:     0.100000000000000E-01
            Max delta y:     0.102531939258925E-01    0.995016625000000E-02
            Min delta y:     0.100501670833333E-01    0.975313975744807E-02
        Max delta y len:     0.141510324997957E-01
        Min delta y len:     0.141425481015818E-01
